Archive member included because of file (symbol)

./mbed/TARGET_K64F/TOOLCHAIN_GCC_ARM/libmbed.a(fsl_gpio_hal.o)
                              main.o (GPIO_HAL_WritePinOutput)
./mbed/TARGET_K64F/TOOLCHAIN_GCC_ARM/libmbed.a(crc.o)
                              mbed/TARGET_K64F/TOOLCHAIN_GCC_ARM/mbed_overrides.o (crcSlow)
./mbed/TARGET_K64F/TOOLCHAIN_GCC_ARM/libmbed.a(serial_api.o)
                              mbed/TARGET_K64F/TOOLCHAIN_GCC_ARM/retarget.o (serial_init)
./mbed/TARGET_K64F/TOOLCHAIN_GCC_ARM/libmbed.a(FilePath.o)
                              mbed/TARGET_K64F/TOOLCHAIN_GCC_ARM/retarget.o (mbed::FilePath::FilePath(char const*))
./mbed/TARGET_K64F/TOOLCHAIN_GCC_ARM/libmbed.a(FileSystemLike.o)
                              mbed/TARGET_K64F/TOOLCHAIN_GCC_ARM/retarget.o (mbed::FileSystemLike::opendir())
./mbed/TARGET_K64F/TOOLCHAIN_GCC_ARM/libmbed.a(Serial.o)
                              main.o (mbed::Serial::Serial(PinName, PinName, char const*))
./mbed/TARGET_K64F/TOOLCHAIN_GCC_ARM/libmbed.a(SerialBase.o)
                              ./mbed/TARGET_K64F/TOOLCHAIN_GCC_ARM/libmbed.a(Serial.o) (mbed::SerialBase::SerialBase(PinName, PinName))
./mbed/TARGET_K64F/TOOLCHAIN_GCC_ARM/libmbed.a(Stream.o)
                              ./mbed/TARGET_K64F/TOOLCHAIN_GCC_ARM/libmbed.a(Serial.o) (mbed::Stream::close())
./mbed/TARGET_K64F/TOOLCHAIN_GCC_ARM/libmbed.a(Ticker.o)
                              main.o (mbed::Ticker::detach())
./mbed/TARGET_K64F/TOOLCHAIN_GCC_ARM/libmbed.a(assert.o)
                              mbed/TARGET_K64F/TOOLCHAIN_GCC_ARM/board.o (mbed_assert_internal)
./mbed/TARGET_K64F/TOOLCHAIN_GCC_ARM/libmbed.a(TimerEvent.o)
                              main.o (mbed::TimerEvent::~TimerEvent())
./mbed/TARGET_K64F/TOOLCHAIN_GCC_ARM/libmbed.a(error.o)
                              mbed/TARGET_K64F/TOOLCHAIN_GCC_ARM/retarget.o (error)
./mbed/TARGET_K64F/TOOLCHAIN_GCC_ARM/libmbed.a(gpio.o)
                              mbed/TARGET_K64F/TOOLCHAIN_GCC_ARM/mbed_overrides.o (gpio_init_in)
./mbed/TARGET_K64F/TOOLCHAIN_GCC_ARM/libmbed.a(pinmap_common.o)
                              ./mbed/TARGET_K64F/TOOLCHAIN_GCC_ARM/libmbed.a(serial_api.o) (pinmap_pinout)
./mbed/TARGET_K64F/TOOLCHAIN_GCC_ARM/libmbed.a(ticker_api.o)
                              ./mbed/TARGET_K64F/TOOLCHAIN_GCC_ARM/libmbed.a(TimerEvent.o) (ticker_set_handler)
./mbed/TARGET_K64F/TOOLCHAIN_GCC_ARM/libmbed.a(us_ticker_api.o)
                              ./mbed/TARGET_K64F/TOOLCHAIN_GCC_ARM/libmbed.a(TimerEvent.o) (get_us_ticker_data)
./mbed/TARGET_K64F/TOOLCHAIN_GCC_ARM/libmbed.a(wait_api.o)
                              ./mbed/TARGET_K64F/TOOLCHAIN_GCC_ARM/libmbed.a(SerialBase.o) (wait_us)
./mbed/TARGET_K64F/TOOLCHAIN_GCC_ARM/libmbed.a(fsl_clock_manager.o)
                              ./mbed/TARGET_K64F/TOOLCHAIN_GCC_ARM/libmbed.a(serial_api.o) (g_simBaseAddr)
./mbed/TARGET_K64F/TOOLCHAIN_GCC_ARM/libmbed.a(fsl_mcg_hal.o)
                              ./mbed/TARGET_K64F/TOOLCHAIN_GCC_ARM/libmbed.a(fsl_clock_manager.o) (CLOCK_HAL_GetFllRefClk)
./mbed/TARGET_K64F/TOOLCHAIN_GCC_ARM/libmbed.a(fsl_sim_hal.o)
                              ./mbed/TARGET_K64F/TOOLCHAIN_GCC_ARM/libmbed.a(fsl_clock_manager.o) (CLOCK_HAL_SetSource)
./mbed/TARGET_K64F/TOOLCHAIN_GCC_ARM/libmbed.a(fsl_uart_hal.o)
                              ./mbed/TARGET_K64F/TOOLCHAIN_GCC_ARM/libmbed.a(serial_api.o) (UART_HAL_Init)
./mbed/TARGET_K64F/TOOLCHAIN_GCC_ARM/libmbed.a(PeripheralPins.o)
                              ./mbed/TARGET_K64F/TOOLCHAIN_GCC_ARM/libmbed.a(serial_api.o) (PinMap_UART_RX)
./mbed/TARGET_K64F/TOOLCHAIN_GCC_ARM/libmbed.a(fsl_clock_K64F12.o)
                              ./mbed/TARGET_K64F/TOOLCHAIN_GCC_ARM/libmbed.a(serial_api.o) (CLOCK_SYS_GetUartFreq)
./mbed/TARGET_K64F/TOOLCHAIN_GCC_ARM/libmbed.a(fsl_sim_hal_K64F12.o)
                              ./mbed/TARGET_K64F/TOOLCHAIN_GCC_ARM/libmbed.a(serial_api.o) (SIM_HAL_EnableUartClock)
./mbed/TARGET_K64F/TOOLCHAIN_GCC_ARM/libmbed.a(gpio_api.o)
                              ./mbed/TARGET_K64F/TOOLCHAIN_GCC_ARM/libmbed.a(gpio.o) (gpio_init)
./mbed/TARGET_K64F/TOOLCHAIN_GCC_ARM/libmbed.a(pinmap.o)
                              ./mbed/TARGET_K64F/TOOLCHAIN_GCC_ARM/libmbed.a(pinmap_common.o) (pin_function)
./mbed/TARGET_K64F/TOOLCHAIN_GCC_ARM/libmbed.a(us_ticker.o)
                              ./mbed/TARGET_K64F/TOOLCHAIN_GCC_ARM/libmbed.a(us_ticker_api.o) (us_ticker_init)
./mbed/TARGET_K64F/TOOLCHAIN_GCC_ARM/libmbed.a(FileBase.o)
                              ./mbed/TARGET_K64F/TOOLCHAIN_GCC_ARM/libmbed.a(FileSystemLike.o) (mbed::FileBase::~FileBase())
./mbed/TARGET_K64F/TOOLCHAIN_GCC_ARM/libmbed.a(FileLike.o)
                              ./mbed/TARGET_K64F/TOOLCHAIN_GCC_ARM/libmbed.a(Stream.o) (mbed::FileLike::~FileLike())
/usr/bin/../lib/gcc/arm-none-eabi/4.9.3/../../../../arm-none-eabi/lib/armv7e-m/softfp/libstdc++_nano.a(del_op.o)
                              main.o (operator delete(void*))
[...]
Memory Configuration

Name             Origin             Length             Attributes
VECTORS          0x0000000000000000 0x0000000000000400 xr
FLASH_PROTECTION 0x0000000000000400 0x0000000000000010 xr
FLASH            0x0000000000000410 0x00000000000ffbf0 xr
RAM              0x000000001fff0198 0x000000000003fe68 xrw
*default*        0x0000000000000000 0xffffffffffffffff

Linker script and memory map

LOAD /usr/bin/../lib/gcc/arm-none-eabi/4.9.3/armv7e-m/softfp/crti.o
LOAD /usr/bin/../lib/gcc/arm-none-eabi/4.9.3/armv7e-m/softfp/crtbegin.o
LOAD /usr/bin/../lib/gcc/arm-none-eabi/4.9.3/../../../../arm-none-eabi/lib/armv7e-m/softfp/crt0.o
LOAD main.o
LOAD mbed/TARGET_K64F/TOOLCHAIN_GCC_ARM/board.o
LOAD mbed/TARGET_K64F/TOOLCHAIN_GCC_ARM/cmsis_nvic.o
LOAD mbed/TARGET_K64F/TOOLCHAIN_GCC_ARM/mbed_overrides.o
LOAD mbed/TARGET_K64F/TOOLCHAIN_GCC_ARM/retarget.o
LOAD mbed/TARGET_K64F/TOOLCHAIN_GCC_ARM/startup_MK64F12.o
LOAD mbed/TARGET_K64F/TOOLCHAIN_GCC_ARM/system_MK64F12.o
LOAD ./mbed/TARGET_K64F/TOOLCHAIN_GCC_ARM/libmbed.a
LOAD /usr/bin/../lib/gcc/arm-none-eabi/4.9.3/../../../../arm-none-eabi/lib/armv7e-m/softfp/libstdc++_nano.a
LOAD /usr/bin/../lib/gcc/arm-none-eabi/4.9.3/../../../../arm-none-eabi/lib/armv7e-m/softfp/libsupc++_nano.a
LOAD /usr/bin/../lib/gcc/arm-none-eabi/4.9.3/../../../../arm-none-eabi/lib/armv7e-m/softfp/libm.a
LOAD /usr/bin/../lib/gcc/arm-none-eabi/4.9.3/../../../../arm-none-eabi/lib/armv7e-m/softfp/libc_nano.a
LOAD /usr/bin/../lib/gcc/arm-none-eabi/4.9.3/armv7e-m/softfp/libgcc.a
LOAD /usr/bin/../lib/gcc/arm-none-eabi/4.9.3/../../../../arm-none-eabi/lib/armv7e-m/softfp/libnosys.a
LOAD ./mbed/TARGET_K64F/TOOLCHAIN_GCC_ARM/libmbed.a
LOAD /usr/bin/../lib/gcc/arm-none-eabi/4.9.3/../../../../arm-none-eabi/lib/armv7e-m/softfp/libstdc++_nano.a
LOAD /usr/bin/../lib/gcc/arm-none-eabi/4.9.3/../../../../arm-none-eabi/lib/armv7e-m/softfp/libsupc++_nano.a
LOAD /usr/bin/../lib/gcc/arm-none-eabi/4.9.3/../../../../arm-none-eabi/lib/armv7e-m/softfp/libm.a
LOAD /usr/bin/../lib/gcc/arm-none-eabi/4.9.3/../../../../arm-none-eabi/lib/armv7e-m/softfp/libc_nano.a
LOAD /usr/bin/../lib/gcc/arm-none-eabi/4.9.3/armv7e-m/softfp/libgcc.a
LOAD /usr/bin/../lib/gcc/arm-none-eabi/4.9.3/../../../../arm-none-eabi/lib/armv7e-m/softfp/libnosys.a
START GROUP
LOAD /usr/bin/../lib/gcc/arm-none-eabi/4.9.3/armv7e-m/softfp/libgcc.a
LOAD /usr/bin/../lib/gcc/arm-none-eabi/4.9.3/../../../../arm-none-eabi/lib/armv7e-m/softfp/libc_nano.a
END GROUP
START GROUP
LOAD /usr/bin/../lib/gcc/arm-none-eabi/4.9.3/armv7e-m/softfp/libgcc.a
LOAD /usr/bin/../lib/gcc/arm-none-eabi/4.9.3/../../../../arm-none-eabi/lib/armv7e-m/softfp/libc_nano.a
END GROUP
LOAD /usr/bin/../lib/gcc/arm-none-eabi/4.9.3/armv7e-m/softfp/crtend.o
LOAD /usr/bin/../lib/gcc/arm-none-eabi/4.9.3/armv7e-m/softfp/crtn.o

.isr_vector     0x0000000000000000      0x1f0
                0x0000000000000000                __vector_table = .
 *(.vector_table)
 .vector_table  0x0000000000000000      0x198 mbed/TARGET_K64F/TOOLCHAIN_GCC_ARM/startup_MK64F12.o
                0x0000000000000000                __isr_vector
 *(.text.Reset_Handler)
 .text.Reset_Handler
                0x0000000000000198       0x58 mbed/TARGET_K64F/TOOLCHAIN_GCC_ARM/startup_MK64F12.o
                0x0000000000000198                Reset_Handler
 *(.text.System_Init)
                0x00000000000001f0                . = ALIGN (0x4)

.flash_protect  0x0000000000000400       0x10
 *(.kinetis_flash_config_field)
 .kinetis_flash_config_field
                0x0000000000000400       0x10 mbed/TARGET_K64F/TOOLCHAIN_GCC_ARM/startup_MK64F12.o
                0x0000000000000410                . = ALIGN (0x4)

.text           0x0000000000000410     0x8a20
 *(.text*)
 .text          0x0000000000000410       0x5c /usr/bin/../lib/gcc/arm-none-eabi/4.9.3/armv7e-m/softfp/crtbegin.o
 .text          0x000000000000046c       0x74 /usr/bin/../lib/gcc/arm-none-eabi/4.9.3/../../../../arm-none-eabi/lib/armv7e-m/softfp/crt0.o
                0x000000000000046c                _mainCRTStartup
                0x000000000000046c                _start
 .text.gpio_read
                0x00000000000004e0       0x30 main.o
 .text._ZN4mbed10SerialBaseD2Ev
                0x0000000000000510        0x2 main.o
                0x0000000000000510                mbed::SerialBase::~SerialBase()
                0x0000000000000510                mbed::SerialBase::~SerialBase()
 *fill*         0x0000000000000512        0x2 
 .text.gpio_write
                0x0000000000000514       0x34 main.o
 .text._Z11flip_redLedv
                0x0000000000000548       0x1c main.o
                0x0000000000000548                flip_redLed()
 .text._Z13flip_greenLedv
                0x0000000000000564       0x1c main.o
                0x0000000000000564                flip_greenLed()
 .text._Z12flip_blueLedv
                0x0000000000000580       0x1c main.o
                0x0000000000000580                flip_blueLed()
 .text._ZN4mbed6TickerD2Ev
                0x000000000000059c       0x1c main.o
                0x000000000000059c                mbed::Ticker::~Ticker()
                0x000000000000059c                mbed::Ticker::~Ticker()
 .text._ZN4mbed10SerialBaseD0Ev
                0x00000000000005b8        0xc main.o
                0x00000000000005b8                mbed::SerialBase::~SerialBase()
 .text._ZN4mbed6SerialD2Ev
                0x00000000000005c4       0x20 main.o
                0x00000000000005c4                mbed::Serial::~Serial()
                0x00000000000005c4                mbed::Serial::~Serial()
 .text._ZN4mbed6SerialD1Ev
                0x00000000000005e4       0x10 main.o
                0x00000000000005e4                non-virtual thunk to mbed::Serial::~Serial()
                0x00000000000005ec                non-virtual thunk to mbed::Serial::~Serial()
 .text._ZN4mbed6TickerD0Ev
                0x00000000000005f4       0x12 main.o
                0x00000000000005f4                mbed::Ticker::~Ticker()
 *fill*         0x0000000000000606        0x2 
 .text._Z11process_cmdPh
                0x0000000000000608       0xec main.o
                0x0000000000000608                process_cmd(unsigned char*)
 .text.startup.main
                0x00000000000006f4       0x7c main.o
                0x00000000000006f4                main
 .text._ZN4mbed6SerialD0Ev
                0x0000000000000770       0x1e main.o
                0x0000000000000770                mbed::Serial::~Serial()
                0x0000000000000782                non-virtual thunk to mbed::Serial::~Serial()
                0x0000000000000788                non-virtual thunk to mbed::Serial::~Serial()
 *fill*         0x000000000000078e        0x2 
 .text.startup._GLOBAL__sub_I_ledRed
                0x0000000000000790       0xf0 main.o
 .text.mbed_die
                0x0000000000000880       0x94 mbed/TARGET_K64F/TOOLCHAIN_GCC_ARM/board.o
                0x0000000000000880                mbed_die
 .text.NVIC_SetVector
                0x0000000000000914       0x3c mbed/TARGET_K64F/TOOLCHAIN_GCC_ARM/cmsis_nvic.o
                0x0000000000000914                NVIC_SetVector
 .text.NMI_Handler
                0x0000000000000950       0x14 mbed/TARGET_K64F/TOOLCHAIN_GCC_ARM/mbed_overrides.o
                0x0000000000000950                NMI_Handler
 .text._ZN4mbed10FileHandle4flenEv
                0x0000000000000964       0x34 mbed/TARGET_K64F/TOOLCHAIN_GCC_ARM/retarget.o
                0x0000000000000964                mbed::FileHandle::flen()
 .text._ZN4mbed10FileHandleD2Ev
                0x0000000000000998       0x2c mbed/TARGET_K64F/TOOLCHAIN_GCC_ARM/retarget.o
                0x0000000000000998                mbed::FileHandle::~FileHandle()
                0x0000000000000998                mbed::FileHandle::~FileHandle()
 .text._ZN4mbed10FileHandleD0Ev
                0x00000000000009c4       0x34 mbed/TARGET_K64F/TOOLCHAIN_GCC_ARM/retarget.o
                0x00000000000009c4                mbed::FileHandle::~FileHandle()
 .text._ZL11init_serialv.part.0
                0x00000000000009f8       0x14 mbed/TARGET_K64F/TOOLCHAIN_GCC_ARM/retarget.o
 .text._open    0x0000000000000a0c       0xf8 mbed/TARGET_K64F/TOOLCHAIN_GCC_ARM/retarget.o
                0x0000000000000a0c                _open
 .text._close   0x0000000000000b04       0x2c mbed/TARGET_K64F/TOOLCHAIN_GCC_ARM/retarget.o
                0x0000000000000b04                _close
 .text._write   0x0000000000000b30       0x50 mbed/TARGET_K64F/TOOLCHAIN_GCC_ARM/retarget.o
                0x0000000000000b30                _write
 .text._read    0x0000000000000b80       0x4c mbed/TARGET_K64F/TOOLCHAIN_GCC_ARM/retarget.o
                0x0000000000000b80                _read
 .text._isatty  0x0000000000000bcc       0x28 mbed/TARGET_K64F/TOOLCHAIN_GCC_ARM/retarget.o
                0x0000000000000bcc                _isatty
 .text._lseek   0x0000000000000bf4       0x28 mbed/TARGET_K64F/TOOLCHAIN_GCC_ARM/retarget.o
                0x0000000000000bf4                _lseek
 .text._fstat   0x0000000000000c1c       0x20 mbed/TARGET_K64F/TOOLCHAIN_GCC_ARM/retarget.o
                0x0000000000000c1c                _fstat
 .text.__cxa_pure_virtual
                0x0000000000000c3c        0x8 mbed/TARGET_K64F/TOOLCHAIN_GCC_ARM/retarget.o
                0x0000000000000c3c                __cxa_pure_virtual
 .text.mbed_main
                0x0000000000000c44        0x4 mbed/TARGET_K64F/TOOLCHAIN_GCC_ARM/retarget.o
                0x0000000000000c44                mbed_main
 .text.mbed_sdk_init
                0x0000000000000c48        0x4 mbed/TARGET_K64F/TOOLCHAIN_GCC_ARM/retarget.o
                0x0000000000000c48                mbed_sdk_init
 .text.__wrap_main
                0x0000000000000c4c       0x14 mbed/TARGET_K64F/TOOLCHAIN_GCC_ARM/retarget.o
                0x0000000000000c4c                __wrap_main
 .text._sbrk    0x0000000000000c60       0x28 mbed/TARGET_K64F/TOOLCHAIN_GCC_ARM/retarget.o
                0x0000000000000c60                _sbrk
 .text._exit    0x0000000000000c88       0x24 mbed/TARGET_K64F/TOOLCHAIN_GCC_ARM/retarget.o
                0x0000000000000c88                _exit
 .text._ZN4mbed26mbed_set_unbuffered_streamEP7__sFILE
                0x0000000000000cac        0x8 mbed/TARGET_K64F/TOOLCHAIN_GCC_ARM/retarget.o
                0x0000000000000cac                mbed::mbed_set_unbuffered_stream(__sFILE*)
 .text._ZN4mbed9mbed_getcEP7__sFILE
                0x0000000000000cb4        0x4 mbed/TARGET_K64F/TOOLCHAIN_GCC_ARM/retarget.o
                0x0000000000000cb4                mbed::mbed_getc(__sFILE*)
 .text          0x0000000000000cb8       0x14 mbed/TARGET_K64F/TOOLCHAIN_GCC_ARM/startup_MK64F12.o
                0x0000000000000cba                HardFault_Handler
                0x0000000000000cbc                MemManage_Handler
                0x0000000000000cbe                BusFault_Handler
                0x0000000000000cc0                UsageFault_Handler
                0x0000000000000cc2                SVC_Handler
                0x0000000000000cc4                DebugMon_Handler
                0x0000000000000cc6                PendSV_Handler
                0x0000000000000cc8                SysTick_Handler
                0x0000000000000cca                CAN0_Rx_Warning_IRQHandler
                0x0000000000000cca                I2C0_IRQHandler
                0x0000000000000cca                UART3_RX_TX_IRQHandler
                0x0000000000000cca                UART0_RX_TX_IRQHandler
                0x0000000000000cca                I2C1_IRQHandler
                0x0000000000000cca                DMA2_IRQHandler
                0x0000000000000cca                ENET_Error_IRQHandler
                0x0000000000000cca                CAN0_Tx_Warning_IRQHandler
                0x0000000000000cca                PIT0_IRQHandler
                0x0000000000000cca                CAN0_ORed_Message_buffer_IRQHandler
                0x0000000000000cca                Watchdog_IRQHandler
                0x0000000000000cca                CMP2_IRQHandler
                0x0000000000000cca                ENET_Receive_IRQHandler
                0x0000000000000cca                ENET_1588_Timer_IRQHandler
                0x0000000000000cca                UART2_RX_TX_IRQHandler
                0x0000000000000cca                SWI_IRQHandler
                0x0000000000000cca                ADC0_IRQHandler
                0x0000000000000cca                I2S0_Tx_IRQHandler
                0x0000000000000cca                CMT_IRQHandler
                0x0000000000000cca                UART4_RX_TX_IRQHandler
                0x0000000000000cca                SPI1_IRQHandler
                0x0000000000000cca                DefaultISR
                0x0000000000000cca                DMA9_IRQHandler
                0x0000000000000cca                DMA14_IRQHandler
                0x0000000000000cca                CMP1_IRQHandler
                0x0000000000000cca                Reserved71_IRQHandler
                0x0000000000000cca                PORTD_IRQHandler
                0x0000000000000cca                PORTB_IRQHandler
                0x0000000000000cca                UART4_ERR_IRQHandler
                0x0000000000000cca                ADC1_IRQHandler
                0x0000000000000cca                I2C2_IRQHandler
                0x0000000000000cca                PIT2_IRQHandler
                0x0000000000000cca                I2S0_Rx_IRQHandler
                0x0000000000000cca                LPTimer_IRQHandler
                0x0000000000000cca                DMA5_IRQHandler
                0x0000000000000cca                RTC_IRQHandler
                0x0000000000000cca                PDB0_IRQHandler
                0x0000000000000cca                FTM1_IRQHandler
                0x0000000000000cca                UART5_RX_TX_IRQHandler
                0x0000000000000cca                UART3_ERR_IRQHandler
                0x0000000000000cca                PIT3_IRQHandler
                0x0000000000000cca                SDHC_IRQHandler
                0x0000000000000cca                RTC_Seconds_IRQHandler
                0x0000000000000cca                MCG_IRQHandler
                0x0000000000000cca                FTFE_IRQHandler
                0x0000000000000cca                UART2_ERR_IRQHandler
                0x0000000000000cca                DMA11_IRQHandler
                0x0000000000000cca                UART5_ERR_IRQHandler
                0x0000000000000cca                Read_Collision_IRQHandler
                0x0000000000000cca                Default_Handler
                0x0000000000000cca                DMA7_IRQHandler
                0x0000000000000cca                ENET_Transmit_IRQHandler
                0x0000000000000cca                USBDCD_IRQHandler
                0x0000000000000cca                USB0_IRQHandler
                0x0000000000000cca                LLW_IRQHandler
                0x0000000000000cca                SPI2_IRQHandler
                0x0000000000000cca                DMA13_IRQHandler
                0x0000000000000cca                DMA3_IRQHandler
                0x0000000000000cca                UART0_LON_IRQHandler
                0x0000000000000cca                RNG_IRQHandler
                0x0000000000000cca                DMA0_IRQHandler
                0x0000000000000cca                DMA15_IRQHandler
                0x0000000000000cca                DAC0_IRQHandler
                0x0000000000000cca                CAN0_Error_IRQHandler
                0x0000000000000cca                DMA4_IRQHandler
                0x0000000000000cca                PIT1_IRQHandler
                0x0000000000000cca                UART0_ERR_IRQHandler
                0x0000000000000cca                DMA_Error_IRQHandler
                0x0000000000000cca                LVD_LVW_IRQHandler
                0x0000000000000cca                SPI0_IRQHandler
                0x0000000000000cca                FTM0_IRQHandler
                0x0000000000000cca                PORTA_IRQHandler
                0x0000000000000cca                DAC1_IRQHandler
                0x0000000000000cca                MCM_IRQHandler
                0x0000000000000cca                DMA12_IRQHandler
                0x0000000000000cca                CAN0_Bus_Off_IRQHandler
                0x0000000000000cca                FTM3_IRQHandler
                0x0000000000000cca                PORTE_IRQHandler
                0x0000000000000cca                FTM2_IRQHandler
                0x0000000000000cca                DMA8_IRQHandler
                0x0000000000000cca                DMA10_IRQHandler
                0x0000000000000cca                CAN0_Wake_Up_IRQHandler
                0x0000000000000cca                UART1_ERR_IRQHandler
                0x0000000000000cca                UART1_RX_TX_IRQHandler
                0x0000000000000cca                CMP0_IRQHandler
                0x0000000000000cca                PORTC_IRQHandler
                0x0000000000000cca                DMA6_IRQHandler
                0x0000000000000cca                DMA1_IRQHandler
 .text.SystemInit
                0x0000000000000ccc      0x154 mbed/TARGET_K64F/TOOLCHAIN_GCC_ARM/system_MK64F12.o
                0x0000000000000ccc                SystemInit
 .text.GPIO_HAL_SetPinDir
                0x0000000000000e20       0x3c ./mbed/TARGET_K64F/TOOLCHAIN_GCC_ARM/libmbed.a(fsl_gpio_hal.o)
                0x0000000000000e20                GPIO_HAL_SetPinDir
 .text.GPIO_HAL_WritePinOutput
                0x0000000000000e5c       0x30 ./mbed/TARGET_K64F/TOOLCHAIN_GCC_ARM/libmbed.a(fsl_gpio_hal.o)
                0x0000000000000e5c                GPIO_HAL_WritePinOutput
 .text.serial_init
                0x0000000000000e8c      0x190 ./mbed/TARGET_K64F/TOOLCHAIN_GCC_ARM/libmbed.a(serial_api.o)
                0x0000000000000e8c                serial_init
 .text.serial_irq_handler
                0x000000000000101c       0x1c ./mbed/TARGET_K64F/TOOLCHAIN_GCC_ARM/libmbed.a(serial_api.o)
                0x000000000000101c                serial_irq_handler
 .text.serial_readable
                0x0000000000001038       0x60 ./mbed/TARGET_K64F/TOOLCHAIN_GCC_ARM/libmbed.a(serial_api.o)
                0x0000000000001038                serial_readable
 .text.serial_getc
                0x0000000000001098       0x40 ./mbed/TARGET_K64F/TOOLCHAIN_GCC_ARM/libmbed.a(serial_api.o)
                0x0000000000001098                serial_getc
 .text.serial_writable
                0x00000000000010d8       0x60 ./mbed/TARGET_K64F/TOOLCHAIN_GCC_ARM/libmbed.a(serial_api.o)
                0x00000000000010d8                serial_writable
 .text.serial_putc
                0x0000000000001138       0x40 ./mbed/TARGET_K64F/TOOLCHAIN_GCC_ARM/libmbed.a(serial_api.o)
                0x0000000000001138                serial_putc
 .text._ZN4mbed8FilePathC2EPKc
                0x0000000000001178       0x58 ./mbed/TARGET_K64F/TOOLCHAIN_GCC_ARM/libmbed.a(FilePath.o)
                0x0000000000001178                mbed::FilePath::FilePath(char const*)
                0x0000000000001178                mbed::FilePath::FilePath(char const*)
 .text._ZN4mbed8FilePath8fileNameEv
                0x00000000000011d0        0x4 ./mbed/TARGET_K64F/TOOLCHAIN_GCC_ARM/libmbed.a(FilePath.o)
                0x00000000000011d0                mbed::FilePath::fileName()
 .text._ZN4mbed8FilePath10fileSystemEv
                0x00000000000011d4       0x18 ./mbed/TARGET_K64F/TOOLCHAIN_GCC_ARM/libmbed.a(FilePath.o)
                0x00000000000011d4                mbed::FilePath::fileSystem()
 .text._ZN4mbed8FilePath6isFileEv
                0x00000000000011ec       0x14 ./mbed/TARGET_K64F/TOOLCHAIN_GCC_ARM/libmbed.a(FilePath.o)
                0x00000000000011ec                mbed::FilePath::isFile()
 .text._ZN4mbed8FilePath4fileEv
                0x0000000000001200       0x1c ./mbed/TARGET_K64F/TOOLCHAIN_GCC_ARM/libmbed.a(FilePath.o)
                0x0000000000001200                mbed::FilePath::file()
 .text._ZN4mbed8FilePath6existsEv
                0x000000000000121c        0xc ./mbed/TARGET_K64F/TOOLCHAIN_GCC_ARM/libmbed.a(FilePath.o)
                0x000000000000121c                mbed::FilePath::exists()
 .text._ZN4mbed6Serial5_getcEv
                0x0000000000001228        0x4 ./mbed/TARGET_K64F/TOOLCHAIN_GCC_ARM/libmbed.a(Serial.o)
                0x0000000000001228                mbed::Serial::_getc()
 .text._ZThn60_N4mbed6Serial5_getcEv
                0x000000000000122c        0x8 ./mbed/TARGET_K64F/TOOLCHAIN_GCC_ARM/libmbed.a(Serial.o)
                0x000000000000122c                non-virtual thunk to mbed::Serial::_getc()
 .text._ZN4mbed6Serial5_putcEi
                0x0000000000001234        0x4 ./mbed/TARGET_K64F/TOOLCHAIN_GCC_ARM/libmbed.a(Serial.o)
                0x0000000000001234                mbed::Serial::_putc(int)
 .text._ZThn60_N4mbed6Serial5_putcEi
                0x0000000000001238        0x8 ./mbed/TARGET_K64F/TOOLCHAIN_GCC_ARM/libmbed.a(Serial.o)
                0x0000000000001238                non-virtual thunk to mbed::Serial::_putc(int)
 .text._ZN4mbed6SerialC2E7PinNameS1_PKc
                0x0000000000001240       0x30 ./mbed/TARGET_K64F/TOOLCHAIN_GCC_ARM/libmbed.a(Serial.o)
                0x0000000000001240                mbed::Serial::Serial(PinName, PinName, char const*)
                0x0000000000001240                mbed::Serial::Serial(PinName, PinName, char const*)
 .text._ZN4mbed10SerialBase12_irq_handlerEm9SerialIrq
                0x0000000000001270       0x24 ./mbed/TARGET_K64F/TOOLCHAIN_GCC_ARM/libmbed.a(SerialBase.o)
                0x0000000000001270                mbed::SerialBase::_irq_handler(unsigned long, SerialIrq)
 .text._ZN4mbed10SerialBaseC2E7PinNameS1_
                0x0000000000001294       0x38 ./mbed/TARGET_K64F/TOOLCHAIN_GCC_ARM/libmbed.a(SerialBase.o)
                0x0000000000001294                mbed::SerialBase::SerialBase(PinName, PinName)
                0x0000000000001294                mbed::SerialBase::SerialBase(PinName, PinName)
 .text._ZN4mbed10SerialBase8readableEv
                0x00000000000012cc        0x8 ./mbed/TARGET_K64F/TOOLCHAIN_GCC_ARM/libmbed.a(SerialBase.o)
                0x00000000000012cc                mbed::SerialBase::readable()
 .text._ZN4mbed10SerialBase10_base_getcEv
                0x00000000000012d4        0x8 ./mbed/TARGET_K64F/TOOLCHAIN_GCC_ARM/libmbed.a(SerialBase.o)
                0x00000000000012d4                mbed::SerialBase::_base_getc()
 .text._ZN4mbed10SerialBase10_base_putcEi
                0x00000000000012dc       0x10 ./mbed/TARGET_K64F/TOOLCHAIN_GCC_ARM/libmbed.a(SerialBase.o)
                0x00000000000012dc                mbed::SerialBase::_base_putc(int)
 .text._ZN4mbed6Stream5closeEv
                0x00000000000012ec        0x4 ./mbed/TARGET_K64F/TOOLCHAIN_GCC_ARM/libmbed.a(Stream.o)
                0x00000000000012ec                mbed::Stream::close()
 .text._ZN4mbed6Stream5writeEPKvj
                0x00000000000012f0       0x30 ./mbed/TARGET_K64F/TOOLCHAIN_GCC_ARM/libmbed.a(Stream.o)
                0x00000000000012f0                mbed::Stream::write(void const*, unsigned int)
 .text._ZN4mbed6Stream4readEPvj
                0x0000000000001320       0x30 ./mbed/TARGET_K64F/TOOLCHAIN_GCC_ARM/libmbed.a(Stream.o)
                0x0000000000001320                mbed::Stream::read(void*, unsigned int)
 .text._ZN4mbed6Stream5lseekEli
                0x0000000000001350        0x4 ./mbed/TARGET_K64F/TOOLCHAIN_GCC_ARM/libmbed.a(Stream.o)
                0x0000000000001350                mbed::Stream::lseek(long, int)
 .text._ZN4mbed6Stream6isattyEv
                0x0000000000001354        0x4 ./mbed/TARGET_K64F/TOOLCHAIN_GCC_ARM/libmbed.a(Stream.o)
                0x0000000000001354                mbed::Stream::isatty()
 .text._ZN4mbed6Stream5fsyncEv
                0x0000000000001358        0x4 ./mbed/TARGET_K64F/TOOLCHAIN_GCC_ARM/libmbed.a(Stream.o)
                0x0000000000001358                mbed::Stream::fsync()
 .text._ZN4mbed6Stream4flenEv
                0x000000000000135c        0x4 ./mbed/TARGET_K64F/TOOLCHAIN_GCC_ARM/libmbed.a(Stream.o)
                0x000000000000135c                mbed::Stream::flen()
 .text._ZN4mbed6StreamD2Ev
                0x0000000000001360       0x24 ./mbed/TARGET_K64F/TOOLCHAIN_GCC_ARM/libmbed.a(Stream.o)
                0x0000000000001360                mbed::Stream::~Stream()
                0x0000000000001360                mbed::Stream::~Stream()
 .text._ZThn4_N4mbed6StreamD1Ev
                0x0000000000001384        0x8 ./mbed/TARGET_K64F/TOOLCHAIN_GCC_ARM/libmbed.a(Stream.o)
                0x0000000000001384                non-virtual thunk to mbed::Stream::~Stream()
 .text._ZN4mbed6StreamD0Ev
                0x000000000000138c       0x14 ./mbed/TARGET_K64F/TOOLCHAIN_GCC_ARM/libmbed.a(Stream.o)
                0x000000000000138c                mbed::Stream::~Stream()
 .text._ZThn4_N4mbed6StreamD0Ev
                0x00000000000013a0        0x8 ./mbed/TARGET_K64F/TOOLCHAIN_GCC_ARM/libmbed.a(Stream.o)
                0x00000000000013a0                non-virtual thunk to mbed::Stream::~Stream()
 .text._ZN4mbed6StreamC2EPKc
                0x00000000000013a8       0x44 ./mbed/TARGET_K64F/TOOLCHAIN_GCC_ARM/libmbed.a(Stream.o)
                0x00000000000013a8                mbed::Stream::Stream(char const*)
                0x00000000000013a8                mbed::Stream::Stream(char const*)
 .text._ZN4mbed6Stream4putcEi
                0x00000000000013ec       0x18 ./mbed/TARGET_K64F/TOOLCHAIN_GCC_ARM/libmbed.a(Stream.o)
                0x00000000000013ec                mbed::Stream::putc(int)
 .text._ZN4mbed6Stream4getcEv
                0x0000000000001404       0x14 ./mbed/TARGET_K64F/TOOLCHAIN_GCC_ARM/libmbed.a(Stream.o)
                0x0000000000001404                mbed::Stream::getc()
 .text._ZN4mbed6Stream6printfEPKcz
                0x0000000000001418       0x2c ./mbed/TARGET_K64F/TOOLCHAIN_GCC_ARM/libmbed.a(Stream.o)
                0x0000000000001418                mbed::Stream::printf(char const*, ...)
 .text._ZN4mbed6Ticker7handlerEv
                0x0000000000001444       0x28 ./mbed/TARGET_K64F/TOOLCHAIN_GCC_ARM/libmbed.a(Ticker.o)
                0x0000000000001444                mbed::Ticker::handler()
 .text._ZN4mbed6Ticker6detachEv
                0x000000000000146c       0x10 ./mbed/TARGET_K64F/TOOLCHAIN_GCC_ARM/libmbed.a(Ticker.o)
                0x000000000000146c                mbed::Ticker::detach()
 .text._ZN4mbed6Ticker5setupEm
                0x000000000000147c       0x20 ./mbed/TARGET_K64F/TOOLCHAIN_GCC_ARM/libmbed.a(Ticker.o)
                0x000000000000147c                mbed::Ticker::setup(unsigned long)
 .text.mbed_assert_internal
                0x000000000000149c       0x18 ./mbed/TARGET_K64F/TOOLCHAIN_GCC_ARM/libmbed.a(assert.o)
                0x000000000000149c                mbed_assert_internal
 .text._ZN4mbed10TimerEvent3irqEm
                0x00000000000014b4        0xc ./mbed/TARGET_K64F/TOOLCHAIN_GCC_ARM/libmbed.a(TimerEvent.o)
                0x00000000000014b4                mbed::TimerEvent::irq(unsigned long)
 .text._ZN4mbed10TimerEventD2Ev
                0x00000000000014c0       0x18 ./mbed/TARGET_K64F/TOOLCHAIN_GCC_ARM/libmbed.a(TimerEvent.o)
                0x00000000000014c0                mbed::TimerEvent::~TimerEvent()
                0x00000000000014c0                mbed::TimerEvent::~TimerEvent()
 .text._ZN4mbed10TimerEventD0Ev
                0x00000000000014d8       0x20 ./mbed/TARGET_K64F/TOOLCHAIN_GCC_ARM/libmbed.a(TimerEvent.o)
                0x00000000000014d8                mbed::TimerEvent::~TimerEvent()
 .text._ZN4mbed10TimerEventC2Ev
                0x00000000000014f8       0x28 ./mbed/TARGET_K64F/TOOLCHAIN_GCC_ARM/libmbed.a(TimerEvent.o)
                0x00000000000014f8                mbed::TimerEvent::TimerEvent()
                0x00000000000014f8                mbed::TimerEvent::TimerEvent()
 .text._ZN4mbed10TimerEvent6insertEm
                0x0000000000001520        0xc ./mbed/TARGET_K64F/TOOLCHAIN_GCC_ARM/libmbed.a(TimerEvent.o)
                0x0000000000001520                mbed::TimerEvent::insert(unsigned long)
 .text._ZN4mbed10TimerEvent6removeEv
                0x000000000000152c        0x8 ./mbed/TARGET_K64F/TOOLCHAIN_GCC_ARM/libmbed.a(TimerEvent.o)
                0x000000000000152c                mbed::TimerEvent::remove()
 .text.error    0x0000000000001534       0x24 ./mbed/TARGET_K64F/TOOLCHAIN_GCC_ARM/libmbed.a(error.o)
                0x0000000000001534                error
 .text.gpio_init_in
                0x0000000000001558       0x24 ./mbed/TARGET_K64F/TOOLCHAIN_GCC_ARM/libmbed.a(gpio.o)
                0x0000000000001558                gpio_init_in
 .text.gpio_init_out
                0x000000000000157c       0x6c ./mbed/TARGET_K64F/TOOLCHAIN_GCC_ARM/libmbed.a(gpio.o)
                0x000000000000157c                gpio_init_out
 .text.pinmap_pinout
                0x00000000000015e8       0x40 ./mbed/TARGET_K64F/TOOLCHAIN_GCC_ARM/libmbed.a(pinmap_common.o)
                0x00000000000015e8                pinmap_pinout
 .text.pinmap_merge
                0x0000000000001628       0x24 ./mbed/TARGET_K64F/TOOLCHAIN_GCC_ARM/libmbed.a(pinmap_common.o)
                0x0000000000001628                pinmap_merge
 .text.pinmap_peripheral
                0x000000000000164c       0x34 ./mbed/TARGET_K64F/TOOLCHAIN_GCC_ARM/libmbed.a(pinmap_common.o)
                0x000000000000164c                pinmap_peripheral
 .text.ticker_set_handler
                0x0000000000001680       0x14 ./mbed/TARGET_K64F/TOOLCHAIN_GCC_ARM/libmbed.a(ticker_api.o)
                0x0000000000001680                ticker_set_handler
 .text.ticker_irq_handler
                0x0000000000001694       0x48 ./mbed/TARGET_K64F/TOOLCHAIN_GCC_ARM/libmbed.a(ticker_api.o)
                0x0000000000001694                ticker_irq_handler
 .text.ticker_insert_event
                0x00000000000016dc       0x48 ./mbed/TARGET_K64F/TOOLCHAIN_GCC_ARM/libmbed.a(ticker_api.o)
                0x00000000000016dc                ticker_insert_event
 .text.ticker_remove_event
                0x0000000000001724       0x48 ./mbed/TARGET_K64F/TOOLCHAIN_GCC_ARM/libmbed.a(ticker_api.o)
                0x0000000000001724                ticker_remove_event
 .text.ticker_read
                0x000000000000176c        0xc ./mbed/TARGET_K64F/TOOLCHAIN_GCC_ARM/libmbed.a(ticker_api.o)
                0x000000000000176c                ticker_read
 .text.get_us_ticker_data
                0x0000000000001778        0x8 ./mbed/TARGET_K64F/TOOLCHAIN_GCC_ARM/libmbed.a(us_ticker_api.o)
                0x0000000000001778                get_us_ticker_data
 .text.us_ticker_irq_handler
                0x0000000000001780        0xc ./mbed/TARGET_K64F/TOOLCHAIN_GCC_ARM/libmbed.a(us_ticker_api.o)
                0x0000000000001780                us_ticker_irq_handler
 .text.wait_us  0x000000000000178c       0x18 ./mbed/TARGET_K64F/TOOLCHAIN_GCC_ARM/libmbed.a(wait_api.o)
                0x000000000000178c                wait_us
 .text.wait_ms  0x00000000000017a4        0xc ./mbed/TARGET_K64F/TOOLCHAIN_GCC_ARM/libmbed.a(wait_api.o)
                0x00000000000017a4                wait_ms
 .text.CLOCK_SYS_GetFreq
                0x00000000000017b0       0xb4 ./mbed/TARGET_K64F/TOOLCHAIN_GCC_ARM/libmbed.a(fsl_clock_manager.o)
                0x00000000000017b0                CLOCK_SYS_GetFreq
 .text.CLOCK_SYS_GetSysClkFreq
                0x0000000000001864       0x58 ./mbed/TARGET_K64F/TOOLCHAIN_GCC_ARM/libmbed.a(fsl_clock_manager.o)
                0x0000000000001864                CLOCK_SYS_GetSysClkFreq
 .text.CLOCK_HAL_GetFllRefClk
                0x00000000000018bc       0x68 ./mbed/TARGET_K64F/TOOLCHAIN_GCC_ARM/libmbed.a(fsl_mcg_hal.o)
                0x00000000000018bc                CLOCK_HAL_GetFllRefClk
 .text.CLOCK_HAL_GetFllClk
                0x0000000000001924       0x90 ./mbed/TARGET_K64F/TOOLCHAIN_GCC_ARM/libmbed.a(fsl_mcg_hal.o)
                0x0000000000001924                CLOCK_HAL_GetFllClk
 .text.CLOCK_HAL_GetPll0Clk
                0x00000000000019b4       0x40 ./mbed/TARGET_K64F/TOOLCHAIN_GCC_ARM/libmbed.a(fsl_mcg_hal.o)
                0x00000000000019b4                CLOCK_HAL_GetPll0Clk
 .text.CLOCK_HAL_GetInternalRefClk
                0x00000000000019f4       0x24 ./mbed/TARGET_K64F/TOOLCHAIN_GCC_ARM/libmbed.a(fsl_mcg_hal.o)
                0x00000000000019f4                CLOCK_HAL_GetInternalRefClk
 .text.CLOCK_HAL_GetOutClk
                0x0000000000001a18       0x74 ./mbed/TARGET_K64F/TOOLCHAIN_GCC_ARM/libmbed.a(fsl_mcg_hal.o)
                0x0000000000001a18                CLOCK_HAL_GetOutClk
 .text.CLOCK_HAL_GetDivider
                0x0000000000001a8c       0xb8 ./mbed/TARGET_K64F/TOOLCHAIN_GCC_ARM/libmbed.a(fsl_sim_hal.o)
                0x0000000000001a8c                CLOCK_HAL_GetDivider
 .text.UART_HAL_Init
                0x0000000000001b44       0x34 ./mbed/TARGET_K64F/TOOLCHAIN_GCC_ARM/libmbed.a(fsl_uart_hal.o)
                0x0000000000001b44                UART_HAL_Init
 .text.UART_HAL_SetBaudRate
                0x0000000000001b78       0x48 ./mbed/TARGET_K64F/TOOLCHAIN_GCC_ARM/libmbed.a(fsl_uart_hal.o)
                0x0000000000001b78                UART_HAL_SetBaudRate
 .text.UART_HAL_Putchar
                0x0000000000001bc0        0x8 ./mbed/TARGET_K64F/TOOLCHAIN_GCC_ARM/libmbed.a(fsl_uart_hal.o)
                0x0000000000001bc0                UART_HAL_Putchar
 .text.UART_HAL_Getchar
                0x0000000000001bc8        0x8 ./mbed/TARGET_K64F/TOOLCHAIN_GCC_ARM/libmbed.a(fsl_uart_hal.o)
                0x0000000000001bc8                UART_HAL_Getchar
 .text.UART_HAL_GetStatusFlag
                0x0000000000001bd0       0x44 ./mbed/TARGET_K64F/TOOLCHAIN_GCC_ARM/libmbed.a(fsl_uart_hal.o)
                0x0000000000001bd0                UART_HAL_GetStatusFlag
 .text.UART_HAL_ClearStatusFlag
                0x0000000000001c14       0x74 ./mbed/TARGET_K64F/TOOLCHAIN_GCC_ARM/libmbed.a(fsl_uart_hal.o)
                0x0000000000001c14                UART_HAL_ClearStatusFlag
 .text.UART_HAL_FlushTxFifo
                0x0000000000001c88       0x1c ./mbed/TARGET_K64F/TOOLCHAIN_GCC_ARM/libmbed.a(fsl_uart_hal.o)
                0x0000000000001c88                UART_HAL_FlushTxFifo
 .text.CLOCK_SYS_GetUartFreq
                0x0000000000001ca4       0x3c ./mbed/TARGET_K64F/TOOLCHAIN_GCC_ARM/libmbed.a(fsl_clock_K64F12.o)
                0x0000000000001ca4                CLOCK_SYS_GetUartFreq
 .text.SIM_HAL_EnablePortClock
                0x0000000000001ce0       0x50 ./mbed/TARGET_K64F/TOOLCHAIN_GCC_ARM/libmbed.a(fsl_sim_hal_K64F12.o)
                0x0000000000001ce0                SIM_HAL_EnablePortClock
 .text.SIM_HAL_EnablePitClock
                0x0000000000001d30       0x10 ./mbed/TARGET_K64F/TOOLCHAIN_GCC_ARM/libmbed.a(fsl_sim_hal_K64F12.o)
                0x0000000000001d30                SIM_HAL_EnablePitClock
 .text.SIM_HAL_EnableUartClock
                0x0000000000001d40       0x60 ./mbed/TARGET_K64F/TOOLCHAIN_GCC_ARM/libmbed.a(fsl_sim_hal_K64F12.o)
                0x0000000000001d40                SIM_HAL_EnableUartClock
 .text.gpio_init
                0x0000000000001da0       0x70 ./mbed/TARGET_K64F/TOOLCHAIN_GCC_ARM/libmbed.a(gpio_api.o)
                0x0000000000001da0                gpio_init
 .text.gpio_mode
                0x0000000000001e10        0x8 ./mbed/TARGET_K64F/TOOLCHAIN_GCC_ARM/libmbed.a(gpio_api.o)
                0x0000000000001e10                gpio_mode
 .text.gpio_dir
                0x0000000000001e18       0x58 ./mbed/TARGET_K64F/TOOLCHAIN_GCC_ARM/libmbed.a(gpio_api.o)
                0x0000000000001e18                gpio_dir
 .text.unlikely.PORT_HAL_SetPullCmd.part.0
                0x0000000000001e70       0x1c ./mbed/TARGET_K64F/TOOLCHAIN_GCC_ARM/libmbed.a(pinmap.o)
 .text.pin_function
                0x0000000000001e8c       0x90 ./mbed/TARGET_K64F/TOOLCHAIN_GCC_ARM/libmbed.a(pinmap.o)
                0x0000000000001e8c                pin_function
 .text.pin_mode
                0x0000000000001f1c       0xac ./mbed/TARGET_K64F/TOOLCHAIN_GCC_ARM/libmbed.a(pinmap.o)
                0x0000000000001f1c                pin_mode
 .text.us_ticker_init
                0x0000000000001fc8       0xbc ./mbed/TARGET_K64F/TOOLCHAIN_GCC_ARM/libmbed.a(us_ticker.o)
                0x0000000000001fc8                us_ticker_init
 .text.us_ticker_read
                0x0000000000002084       0x1c ./mbed/TARGET_K64F/TOOLCHAIN_GCC_ARM/libmbed.a(us_ticker.o)
                0x0000000000002084                us_ticker_read
 .text.us_ticker_disable_interrupt
                0x00000000000020a0        0xc ./mbed/TARGET_K64F/TOOLCHAIN_GCC_ARM/libmbed.a(us_ticker.o)
                0x00000000000020a0                us_ticker_disable_interrupt
 .text.us_ticker_clear_interrupt
                0x00000000000020ac        0xc ./mbed/TARGET_K64F/TOOLCHAIN_GCC_ARM/libmbed.a(us_ticker.o)
                0x00000000000020ac                us_ticker_clear_interrupt
 .text.us_ticker_set_interrupt
                0x00000000000020b8       0x40 ./mbed/TARGET_K64F/TOOLCHAIN_GCC_ARM/libmbed.a(us_ticker.o)
                0x00000000000020b8                us_ticker_set_interrupt
 .text._ZN4mbed8FileBaseD2Ev
                0x00000000000020f8       0x30 ./mbed/TARGET_K64F/TOOLCHAIN_GCC_ARM/libmbed.a(FileBase.o)
                0x00000000000020f8                mbed::FileBase::~FileBase()
                0x00000000000020f8                mbed::FileBase::~FileBase()
 .text._ZN4mbed8FileBaseD0Ev
                0x0000000000002128       0x3c ./mbed/TARGET_K64F/TOOLCHAIN_GCC_ARM/libmbed.a(FileBase.o)
                0x0000000000002128                mbed::FileBase::~FileBase()
 .text._ZN4mbed8FileBaseC2EPKcNS_8PathTypeE
                0x0000000000002164       0x20 ./mbed/TARGET_K64F/TOOLCHAIN_GCC_ARM/libmbed.a(FileBase.o)
                0x0000000000002164                mbed::FileBase::FileBase(char const*, mbed::PathType)
                0x0000000000002164                mbed::FileBase::FileBase(char const*, mbed::PathType)
 .text._ZN4mbed8FileBase6lookupEPKcj
                0x0000000000002184       0x3c ./mbed/TARGET_K64F/TOOLCHAIN_GCC_ARM/libmbed.a(FileBase.o)
                0x0000000000002184                mbed::FileBase::lookup(char const*, unsigned int)
 .text._ZN4mbed8FileBase11getPathTypeEv
                0x00000000000021c0        0x4 ./mbed/TARGET_K64F/TOOLCHAIN_GCC_ARM/libmbed.a(FileBase.o)
                0x00000000000021c0                mbed::FileBase::getPathType()
 .text._ZN4mbed8FileLikeD2Ev
                0x00000000000021c4       0x24 ./mbed/TARGET_K64F/TOOLCHAIN_GCC_ARM/libmbed.a(FileLike.o)
                0x00000000000021c4                mbed::FileLike::~FileLike()
                0x00000000000021c4                mbed::FileLike::~FileLike()
 .text._ZThn4_N4mbed8FileLikeD1Ev
                0x00000000000021e8        0x8 ./mbed/TARGET_K64F/TOOLCHAIN_GCC_ARM/libmbed.a(FileLike.o)
                0x00000000000021e8                non-virtual thunk to mbed::FileLike::~FileLike()
 .text._ZN4mbed8FileLikeD0Ev
                0x00000000000021f0       0x2c ./mbed/TARGET_K64F/TOOLCHAIN_GCC_ARM/libmbed.a(FileLike.o)
                0x00000000000021f0                mbed::FileLike::~FileLike()
 .text._ZThn4_N4mbed8FileLikeD0Ev
                0x000000000000221c        0x8 ./mbed/TARGET_K64F/TOOLCHAIN_GCC_ARM/libmbed.a(FileLike.o)
                0x000000000000221c                non-virtual thunk to mbed::FileLike::~FileLike()
 .text._ZN4mbed8FileLikeC2EPKc
                0x0000000000002224       0x28 ./mbed/TARGET_K64F/TOOLCHAIN_GCC_ARM/libmbed.a(FileLike.o)
                0x0000000000002224                mbed::FileLike::FileLike(char const*)
                0x0000000000002224                mbed::FileLike::FileLike(char const*)
 .text._ZdlPv   0x000000000000224c        0x4 /usr/bin/../lib/gcc/arm-none-eabi/4.9.3/../../../../arm-none-eabi/lib/armv7e-m/softfp/libstdc++_nano.a(del_op.o)
                0x000000000000224c                operator delete(void*)
 .text.__aeabi_atexit
                0x0000000000002250        0xa /usr/bin/../lib/gcc/arm-none-eabi/4.9.3/../../../../arm-none-eabi/lib/armv7e-m/softfp/libstdc++_nano.a(atexit_arm.o)
                0x0000000000002250                __aeabi_atexit
 .text.abort    0x000000000000225a        0xe /usr/bin/../lib/gcc/arm-none-eabi/4.9.3/../../../../arm-none-eabi/lib/armv7e-m/softfp/libc_nano.a(lib_a-abort.o)
                0x000000000000225a                abort
 .text.__assert_func
                0x0000000000002268       0x38 /usr/bin/../lib/gcc/arm-none-eabi/4.9.3/../../../../arm-none-eabi/lib/armv7e-m/softfp/libc_nano.a(lib_a-assert.o)
                0x0000000000002268                __assert_func
 .text.__cxa_atexit
                0x00000000000022a0       0x1c /usr/bin/../lib/gcc/arm-none-eabi/4.9.3/../../../../arm-none-eabi/lib/armv7e-m/softfp/libc_nano.a(lib_a-cxa_atexit.o)
                0x00000000000022a0                __cxa_atexit
 .text.__errno  0x00000000000022bc        0xc /usr/bin/../lib/gcc/arm-none-eabi/4.9.3/../../../../arm-none-eabi/lib/armv7e-m/softfp/libc_nano.a(lib_a-errno.o)
                0x00000000000022bc                __errno
 .text.exit     0x00000000000022c8       0x28 /usr/bin/../lib/gcc/arm-none-eabi/4.9.3/../../../../arm-none-eabi/lib/armv7e-m/softfp/libc_nano.a(lib_a-exit.o)
                0x00000000000022c8                exit
 .text._fclose_r
                0x00000000000022f0       0xa4 /usr/bin/../lib/gcc/arm-none-eabi/4.9.3/../../../../arm-none-eabi/lib/armv7e-m/softfp/libc_nano.a(lib_a-fclose.o)
                0x00000000000022f0                _fclose_r
 .text.fclose   0x0000000000002394       0x10 /usr/bin/../lib/gcc/arm-none-eabi/4.9.3/../../../../arm-none-eabi/lib/armv7e-m/softfp/libc_nano.a(lib_a-fclose.o)
                0x0000000000002394                fclose
 .text.__sflush_r
                0x00000000000023a4      0x108 /usr/bin/../lib/gcc/arm-none-eabi/4.9.3/../../../../arm-none-eabi/lib/armv7e-m/softfp/libc_nano.a(lib_a-fflush.o)
                0x00000000000023a4                __sflush_r
 .text._fflush_r
                0x00000000000024ac       0x54 /usr/bin/../lib/gcc/arm-none-eabi/4.9.3/../../../../arm-none-eabi/lib/armv7e-m/softfp/libc_nano.a(lib_a-fflush.o)
                0x00000000000024ac                _fflush_r
 .text.fflush   0x0000000000002500       0x24 /usr/bin/../lib/gcc/arm-none-eabi/4.9.3/../../../../arm-none-eabi/lib/armv7e-m/softfp/libc_nano.a(lib_a-fflush.o)
                0x0000000000002500                fflush
 .text._fgetc_r
                0x0000000000002524       0x58 /usr/bin/../lib/gcc/arm-none-eabi/4.9.3/../../../../arm-none-eabi/lib/armv7e-m/softfp/libc_nano.a(lib_a-fgetc.o)
                0x0000000000002524                _fgetc_r
 .text.fgetc    0x000000000000257c       0x10 /usr/bin/../lib/gcc/arm-none-eabi/4.9.3/../../../../arm-none-eabi/lib/armv7e-m/softfp/libc_nano.a(lib_a-fgetc.o)
                0x000000000000257c                fgetc
 .text._cleanup_r
                0x000000000000258c        0xc /usr/bin/../lib/gcc/arm-none-eabi/4.9.3/../../../../arm-none-eabi/lib/armv7e-m/softfp/libc_nano.a(lib_a-findfp.o)
                0x000000000000258c                _cleanup_r
 .text.std.isra.0
                0x0000000000002598       0x48 /usr/bin/../lib/gcc/arm-none-eabi/4.9.3/../../../../arm-none-eabi/lib/armv7e-m/softfp/libc_nano.a(lib_a-findfp.o)
 .text.__sfmoreglue
                0x00000000000025e0       0x2c /usr/bin/../lib/gcc/arm-none-eabi/4.9.3/../../../../arm-none-eabi/lib/armv7e-m/softfp/libc_nano.a(lib_a-findfp.o)
                0x00000000000025e0                __sfmoreglue
 .text.__sinit  0x000000000000260c       0x60 /usr/bin/../lib/gcc/arm-none-eabi/4.9.3/../../../../arm-none-eabi/lib/armv7e-m/softfp/libc_nano.a(lib_a-findfp.o)
                0x000000000000260c                __sinit
 .text.__sfp    0x000000000000266c       0x74 /usr/bin/../lib/gcc/arm-none-eabi/4.9.3/../../../../arm-none-eabi/lib/armv7e-m/softfp/libc_nano.a(lib_a-findfp.o)
                0x000000000000266c                __sfp
 .text.__sfp_lock_acquire
                0x00000000000026e0        0x2 /usr/bin/../lib/gcc/arm-none-eabi/4.9.3/../../../../arm-none-eabi/lib/armv7e-m/softfp/libc_nano.a(lib_a-findfp.o)
                0x00000000000026e0                __sfp_lock_acquire
 .text.__sfp_lock_release
                0x00000000000026e2        0x2 /usr/bin/../lib/gcc/arm-none-eabi/4.9.3/../../../../arm-none-eabi/lib/armv7e-m/softfp/libc_nano.a(lib_a-findfp.o)
                0x00000000000026e2                __sfp_lock_release
 .text._fopen_r
                0x00000000000026e4       0x80 /usr/bin/../lib/gcc/arm-none-eabi/4.9.3/../../../../arm-none-eabi/lib/armv7e-m/softfp/libc_nano.a(lib_a-fopen.o)
                0x00000000000026e4                _fopen_r
 .text.fopen    0x0000000000002764       0x14 /usr/bin/../lib/gcc/arm-none-eabi/4.9.3/../../../../arm-none-eabi/lib/armv7e-m/softfp/libc_nano.a(lib_a-fopen.o)
                0x0000000000002764                fopen
 .text.fprintf  0x0000000000002778       0x24 /usr/bin/../lib/gcc/arm-none-eabi/4.9.3/../../../../arm-none-eabi/lib/armv7e-m/softfp/libc_nano.a(lib_a-fprintf.o)
                0x0000000000002778                fprintf
                0x0000000000002778                fiprintf
 .text._fputc_r
                0x000000000000279c       0x48 /usr/bin/../lib/gcc/arm-none-eabi/4.9.3/../../../../arm-none-eabi/lib/armv7e-m/softfp/libc_nano.a(lib_a-fputc.o)
                0x000000000000279c                _fputc_r
 .text.fputc    0x00000000000027e4       0x14 /usr/bin/../lib/gcc/arm-none-eabi/4.9.3/../../../../arm-none-eabi/lib/armv7e-m/softfp/libc_nano.a(lib_a-fputc.o)
                0x00000000000027e4                fputc
 .text._fseek_r
                0x00000000000027f8        0x4 /usr/bin/../lib/gcc/arm-none-eabi/4.9.3/../../../../arm-none-eabi/lib/armv7e-m/softfp/libc_nano.a(lib_a-fseek.o)
                0x00000000000027f8                _fseek_r
 .text._fseeko_r
                0x00000000000027fc      0x118 /usr/bin/../lib/gcc/arm-none-eabi/4.9.3/../../../../arm-none-eabi/lib/armv7e-m/softfp/libc_nano.a(lib_a-fseeko.o)
                0x00000000000027fc                _fseeko_r
 .text._fwalk   0x0000000000002914       0x38 /usr/bin/../lib/gcc/arm-none-eabi/4.9.3/../../../../arm-none-eabi/lib/armv7e-m/softfp/libc_nano.a(lib_a-fwalk.o)
                0x0000000000002914                _fwalk
 .text._fwalk_reent
                0x000000000000294c       0x3c /usr/bin/../lib/gcc/arm-none-eabi/4.9.3/../../../../arm-none-eabi/lib/armv7e-m/softfp/libc_nano.a(lib_a-fwalk.o)
                0x000000000000294c                _fwalk_reent
 .text.__libc_init_array
                0x0000000000002988       0x4c /usr/bin/../lib/gcc/arm-none-eabi/4.9.3/../../../../arm-none-eabi/lib/armv7e-m/softfp/libc_nano.a(lib_a-init.o)
                0x0000000000002988                __libc_init_array
 .text.__smakebuf_r
                0x00000000000029d4       0x9c /usr/bin/../lib/gcc/arm-none-eabi/4.9.3/../../../../arm-none-eabi/lib/armv7e-m/softfp/libc_nano.a(lib_a-makebuf.o)
                0x00000000000029d4                __smakebuf_r
 .text.malloc   0x0000000000002a70       0x10 /usr/bin/../lib/gcc/arm-none-eabi/4.9.3/../../../../arm-none-eabi/lib/armv7e-m/softfp/libc_nano.a(lib_a-malloc.o)
                0x0000000000002a70                malloc
 .text.free     0x0000000000002a80       0x10 /usr/bin/../lib/gcc/arm-none-eabi/4.9.3/../../../../arm-none-eabi/lib/armv7e-m/softfp/libc_nano.a(lib_a-malloc.o)
                0x0000000000002a80                free
 .text.memchr   0x0000000000002a90       0x1e /usr/bin/../lib/gcc/arm-none-eabi/4.9.3/../../../../arm-none-eabi/lib/armv7e-m/softfp/libc_nano.a(lib_a-memchr.o)
                0x0000000000002a90                memchr
 .text.memcpy   0x0000000000002aae       0x16 /usr/bin/../lib/gcc/arm-none-eabi/4.9.3/../../../../arm-none-eabi/lib/armv7e-m/softfp/libc_nano.a(lib_a-memcpy.o)
                0x0000000000002aae                memcpy
 .text.memset   0x0000000000002ac4       0x10 /usr/bin/../lib/gcc/arm-none-eabi/4.9.3/../../../../arm-none-eabi/lib/armv7e-m/softfp/libc_nano.a(lib_a-memset.o)
                0x0000000000002ac4                memset
 .text._free_r  0x0000000000002ad4       0x88 /usr/bin/../lib/gcc/arm-none-eabi/4.9.3/../../../../arm-none-eabi/lib/armv7e-m/softfp/libc_nano.a(lib_a-nano-freer.o)
                0x0000000000002ad4                _free_r
 .text._malloc_r
                0x0000000000002b5c       0xac /usr/bin/../lib/gcc/arm-none-eabi/4.9.3/../../../../arm-none-eabi/lib/armv7e-m/softfp/libc_nano.a(lib_a-nano-mallocr.o)
                0x0000000000002b5c                _malloc_r
 .text.__sfputc_r
                0x0000000000002c08       0x2c /usr/bin/../lib/gcc/arm-none-eabi/4.9.3/../../../../arm-none-eabi/lib/armv7e-m/softfp/libc_nano.a(lib_a-nano-vfprintf.o)
 .text.__sfputs_r
                0x0000000000002c34       0x24 /usr/bin/../lib/gcc/arm-none-eabi/4.9.3/../../../../arm-none-eabi/lib/armv7e-m/softfp/libc_nano.a(lib_a-nano-vfprintf.o)
                0x0000000000002c34                __sfputs_r
 .text._vfprintf_r
                0x0000000000002c58      0x210 /usr/bin/../lib/gcc/arm-none-eabi/4.9.3/../../../../arm-none-eabi/lib/armv7e-m/softfp/libc_nano.a(lib_a-nano-vfprintf.o)
                0x0000000000002c58                _vfiprintf_r
                0x0000000000002c58                _vfprintf_r
 .text.vfprintf
                0x0000000000002e68       0x1c /usr/bin/../lib/gcc/arm-none-eabi/4.9.3/../../../../arm-none-eabi/lib/armv7e-m/softfp/libc_nano.a(lib_a-nano-vfprintf.o)
                0x0000000000002e68                vfiprintf
                0x0000000000002e68                vfprintf
 .text.__cvt    0x0000000000002e84       0xc0 /usr/bin/../lib/gcc/arm-none-eabi/4.9.3/../../../../arm-none-eabi/lib/armv7e-m/softfp/libc_nano.a(lib_a-nano-vfprintf_float.o)
                0x0000000000002e84                __cvt
 .text.__exponent
                0x0000000000002f44       0x60 /usr/bin/../lib/gcc/arm-none-eabi/4.9.3/../../../../arm-none-eabi/lib/armv7e-m/softfp/libc_nano.a(lib_a-nano-vfprintf_float.o)
                0x0000000000002f44                __exponent
 .text._printf_float
                0x0000000000002fa4      0x48c /usr/bin/../lib/gcc/arm-none-eabi/4.9.3/../../../../arm-none-eabi/lib/armv7e-m/softfp/libc_nano.a(lib_a-nano-vfprintf_float.o)
                0x0000000000002fa4                _printf_float
 .text._printf_common
                0x0000000000003430       0xea /usr/bin/../lib/gcc/arm-none-eabi/4.9.3/../../../../arm-none-eabi/lib/armv7e-m/softfp/libc_nano.a(lib_a-nano-vfprintf_i.o)
                0x0000000000003430                _printf_common
 *fill*         0x000000000000351a        0x2 
 .text._printf_i
                0x000000000000351c      0x240 /usr/bin/../lib/gcc/arm-none-eabi/4.9.3/../../../../arm-none-eabi/lib/armv7e-m/softfp/libc_nano.a(lib_a-nano-vfprintf_i.o)
                0x000000000000351c                _printf_i
 .text._scanf_float
                0x000000000000375c      0x3cc /usr/bin/../lib/gcc/arm-none-eabi/4.9.3/../../../../arm-none-eabi/lib/armv7e-m/softfp/libc_nano.a(lib_a-nano-vfscanf_float.o)
                0x000000000000375c                _scanf_float
 .text._scanf_chars
                0x0000000000003b28       0xc0 /usr/bin/../lib/gcc/arm-none-eabi/4.9.3/../../../../arm-none-eabi/lib/armv7e-m/softfp/libc_nano.a(lib_a-nano-vfscanf_i.o)
                0x0000000000003b28                _scanf_chars
 .text._scanf_i
                0x0000000000003be8      0x1e4 /usr/bin/../lib/gcc/arm-none-eabi/4.9.3/../../../../arm-none-eabi/lib/armv7e-m/softfp/libc_nano.a(lib_a-nano-vfscanf_i.o)
                0x0000000000003be8                _scanf_i
 .text._open_r  0x0000000000003dcc       0x24 /usr/bin/../lib/gcc/arm-none-eabi/4.9.3/../../../../arm-none-eabi/lib/armv7e-m/softfp/libc_nano.a(lib_a-openr.o)
                0x0000000000003dcc                _open_r
 .text._putc_r  0x0000000000003df0       0x78 /usr/bin/../lib/gcc/arm-none-eabi/4.9.3/../../../../arm-none-eabi/lib/armv7e-m/softfp/libc_nano.a(lib_a-putc.o)
                0x0000000000003df0                _putc_r
 .text.lflush   0x0000000000003e68       0x12 /usr/bin/../lib/gcc/arm-none-eabi/4.9.3/../../../../arm-none-eabi/lib/armv7e-m/softfp/libc_nano.a(lib_a-refill.o)
 *fill*         0x0000000000003e7a        0x2 
 .text.__srefill_r
                0x0000000000003e7c      0x10c /usr/bin/../lib/gcc/arm-none-eabi/4.9.3/../../../../arm-none-eabi/lib/armv7e-m/softfp/libc_nano.a(lib_a-refill.o)
                0x0000000000003e7c                __srefill_r
 .text.__srget_r
                0x0000000000003f88       0x58 /usr/bin/../lib/gcc/arm-none-eabi/4.9.3/../../../../arm-none-eabi/lib/armv7e-m/softfp/libc_nano.a(lib_a-rget.o)
                0x0000000000003f88                __srget_r
 .text.__fpclassifyd
                0x0000000000003fe0       0x54 /usr/bin/../lib/gcc/arm-none-eabi/4.9.3/../../../../arm-none-eabi/lib/armv7e-m/softfp/libc_nano.a(lib_a-s_fpclassify.o)
                0x0000000000003fe0                __fpclassifyd
 .text._sbrk_r  0x0000000000004034       0x20 /usr/bin/../lib/gcc/arm-none-eabi/4.9.3/../../../../arm-none-eabi/lib/armv7e-m/softfp/libc_nano.a(lib_a-sbrkr.o)
                0x0000000000004034                _sbrk_r
 .text.__sccl   0x0000000000004054       0x64 /usr/bin/../lib/gcc/arm-none-eabi/4.9.3/../../../../arm-none-eabi/lib/armv7e-m/softfp/libc_nano.a(lib_a-sccl.o)
                0x0000000000004054                __sccl
 .text.setbuf   0x00000000000040b8       0x10 /usr/bin/../lib/gcc/arm-none-eabi/4.9.3/../../../../arm-none-eabi/lib/armv7e-m/softfp/libc_nano.a(lib_a-setbuf.o)
                0x00000000000040b8                setbuf
 .text.setvbuf  0x00000000000040c8      0x110 /usr/bin/../lib/gcc/arm-none-eabi/4.9.3/../../../../arm-none-eabi/lib/armv7e-m/softfp/libc_nano.a(lib_a-setvbuf.o)
                0x00000000000040c8                setvbuf
 .text.nanf     0x00000000000041d8        0x8 /usr/bin/../lib/gcc/arm-none-eabi/4.9.3/../../../../arm-none-eabi/lib/armv7e-m/softfp/libc_nano.a(lib_a-sf_nan.o)
                0x00000000000041d8                nanf
 .text._raise_r
                0x00000000000041e0       0x50 /usr/bin/../lib/gcc/arm-none-eabi/4.9.3/../../../../arm-none-eabi/lib/armv7e-m/softfp/libc_nano.a(lib_a-signal.o)
                0x00000000000041e0                _raise_r
 .text.raise    0x0000000000004230       0x10 /usr/bin/../lib/gcc/arm-none-eabi/4.9.3/../../../../arm-none-eabi/lib/armv7e-m/softfp/libc_nano.a(lib_a-signal.o)
                0x0000000000004230                raise
 .text._kill_r  0x0000000000004240       0x24 /usr/bin/../lib/gcc/arm-none-eabi/4.9.3/../../../../arm-none-eabi/lib/armv7e-m/softfp/libc_nano.a(lib_a-signalr.o)
                0x0000000000004240                _kill_r
 .text._getpid_r
                0x0000000000004264        0x4 /usr/bin/../lib/gcc/arm-none-eabi/4.9.3/../../../../arm-none-eabi/lib/armv7e-m/softfp/libc_nano.a(lib_a-signalr.o)
                0x0000000000004264                _getpid_r
 .text.sprintf  0x0000000000004268       0x48 /usr/bin/../lib/gcc/arm-none-eabi/4.9.3/../../../../arm-none-eabi/lib/armv7e-m/softfp/libc_nano.a(lib_a-sprintf.o)
                0x0000000000004268                sprintf
                0x0000000000004268                siprintf
 .text.sscanf   0x00000000000042b0       0x54 /usr/bin/../lib/gcc/arm-none-eabi/4.9.3/../../../../arm-none-eabi/lib/armv7e-m/softfp/libc_nano.a(lib_a-sscanf.o)
                0x00000000000042b0                sscanf
                0x00000000000042b0                siscanf
 .text.__sread  0x0000000000004304       0x22 /usr/bin/../lib/gcc/arm-none-eabi/4.9.3/../../../../arm-none-eabi/lib/armv7e-m/softfp/libc_nano.a(lib_a-stdio.o)
                0x0000000000004304                __sread
 .text.__seofread
                0x0000000000004326        0x4 /usr/bin/../lib/gcc/arm-none-eabi/4.9.3/../../../../arm-none-eabi/lib/armv7e-m/softfp/libc_nano.a(lib_a-stdio.o)
                0x0000000000004326                __seofread
 .text.__swrite
                0x000000000000432a       0x38 /usr/bin/../lib/gcc/arm-none-eabi/4.9.3/../../../../arm-none-eabi/lib/armv7e-m/softfp/libc_nano.a(lib_a-stdio.o)
                0x000000000000432a                __swrite
 .text.__sseek  0x0000000000004362       0x24 /usr/bin/../lib/gcc/arm-none-eabi/4.9.3/../../../../arm-none-eabi/lib/armv7e-m/softfp/libc_nano.a(lib_a-stdio.o)
                0x0000000000004362                __sseek
 .text.__sclose
                0x0000000000004386        0x8 /usr/bin/../lib/gcc/arm-none-eabi/4.9.3/../../../../arm-none-eabi/lib/armv7e-m/softfp/libc_nano.a(lib_a-stdio.o)
                0x0000000000004386                __sclose
 .text          0x000000000000438e       0x14 /usr/bin/../lib/gcc/arm-none-eabi/4.9.3/../../../../arm-none-eabi/lib/armv7e-m/softfp/libc_nano.a(lib_a-strcmp.o)
                0x000000000000438e                strcmp
 .text.strlen   0x00000000000043a2       0x10 /usr/bin/../lib/gcc/arm-none-eabi/4.9.3/../../../../arm-none-eabi/lib/armv7e-m/softfp/libc_nano.a(lib_a-strlen.o)
                0x00000000000043a2                strlen
 .text.strncmp  0x00000000000043b2       0x34 /usr/bin/../lib/gcc/arm-none-eabi/4.9.3/../../../../arm-none-eabi/lib/armv7e-m/softfp/libc_nano.a(lib_a-strncmp.o)
                0x00000000000043b2                strncmp
 .text.match    0x00000000000043e6       0x26 /usr/bin/../lib/gcc/arm-none-eabi/4.9.3/../../../../arm-none-eabi/lib/armv7e-m/softfp/libc_nano.a(lib_a-strtod.o)
 .text.sulp     0x000000000000440c       0x42 /usr/bin/../lib/gcc/arm-none-eabi/4.9.3/../../../../arm-none-eabi/lib/armv7e-m/softfp/libc_nano.a(lib_a-strtod.o)
 *fill*         0x000000000000444e        0x2 
 .text._strtod_r
                0x0000000000004450      0xc24 /usr/bin/../lib/gcc/arm-none-eabi/4.9.3/../../../../arm-none-eabi/lib/armv7e-m/softfp/libc_nano.a(lib_a-strtod.o)
                0x0000000000004450                _strtod_r
 .text._strtol_r
                0x0000000000005074      0x10c /usr/bin/../lib/gcc/arm-none-eabi/4.9.3/../../../../arm-none-eabi/lib/armv7e-m/softfp/libc_nano.a(lib_a-strtol.o)
                0x0000000000005074                _strtol_r
 .text._strtoul_r
                0x0000000000005180       0xf8 /usr/bin/../lib/gcc/arm-none-eabi/4.9.3/../../../../arm-none-eabi/lib/armv7e-m/softfp/libc_nano.a(lib_a-strtoul.o)
                0x0000000000005180                _strtoul_r
 .text.__submore
                0x0000000000005278       0x76 /usr/bin/../lib/gcc/arm-none-eabi/4.9.3/../../../../arm-none-eabi/lib/armv7e-m/softfp/libc_nano.a(lib_a-ungetc.o)
                0x0000000000005278                __submore
 *fill*         0x00000000000052ee        0x2 
 .text.__swbuf_r
                0x00000000000052f0       0xa8 /usr/bin/../lib/gcc/arm-none-eabi/4.9.3/../../../../arm-none-eabi/lib/armv7e-m/softfp/libc_nano.a(lib_a-wbuf.o)
                0x00000000000052f0                __swbuf_r
 .text._write_r
                0x0000000000005398       0x24 /usr/bin/../lib/gcc/arm-none-eabi/4.9.3/../../../../arm-none-eabi/lib/armv7e-m/softfp/libc_nano.a(lib_a-writer.o)
                0x0000000000005398                _write_r
 .text.__swsetup_r
                0x00000000000053bc       0xd8 /usr/bin/../lib/gcc/arm-none-eabi/4.9.3/../../../../arm-none-eabi/lib/armv7e-m/softfp/libc_nano.a(lib_a-wsetup.o)
                0x00000000000053bc                __swsetup_r
 .text._close_r
                0x0000000000005494       0x20 /usr/bin/../lib/gcc/arm-none-eabi/4.9.3/../../../../arm-none-eabi/lib/armv7e-m/softfp/libc_nano.a(lib_a-closer.o)
                0x0000000000005494                _close_r
 .text.quorem   0x00000000000054b4      0x11a /usr/bin/../lib/gcc/arm-none-eabi/4.9.3/../../../../arm-none-eabi/lib/armv7e-m/softfp/libc_nano.a(lib_a-dtoa.o)
 *fill*         0x00000000000055ce        0x2 
 .text._dtoa_r  0x00000000000055d0      0xb88 /usr/bin/../lib/gcc/arm-none-eabi/4.9.3/../../../../arm-none-eabi/lib/armv7e-m/softfp/libc_nano.a(lib_a-dtoa.o)
                0x00000000000055d0                _dtoa_r
 .text.__sflags
                0x0000000000006158       0x6e /usr/bin/../lib/gcc/arm-none-eabi/4.9.3/../../../../arm-none-eabi/lib/armv7e-m/softfp/libc_nano.a(lib_a-flags.o)
                0x0000000000006158                __sflags
 *fill*         0x00000000000061c6        0x2 
 .text._fstat_r
                0x00000000000061c8       0x24 /usr/bin/../lib/gcc/arm-none-eabi/4.9.3/../../../../arm-none-eabi/lib/armv7e-m/softfp/libc_nano.a(lib_a-fstatr.o)
                0x00000000000061c8                _fstat_r
 .text.rshift   0x00000000000061ec       0x6c /usr/bin/../lib/gcc/arm-none-eabi/4.9.3/../../../../arm-none-eabi/lib/armv7e-m/softfp/libc_nano.a(lib_a-gdtoa-gethex.o)
 .text.__hexdig_fun
                0x0000000000006258       0x2a /usr/bin/../lib/gcc/arm-none-eabi/4.9.3/../../../../arm-none-eabi/lib/armv7e-m/softfp/libc_nano.a(lib_a-gdtoa-gethex.o)
                0x0000000000006258                __hexdig_fun
 .text.__gethex
                0x0000000000006282      0x44a /usr/bin/../lib/gcc/arm-none-eabi/4.9.3/../../../../arm-none-eabi/lib/armv7e-m/softfp/libc_nano.a(lib_a-gdtoa-gethex.o)
                0x0000000000006282                __gethex
 .text.L_shift  0x00000000000066cc       0x24 /usr/bin/../lib/gcc/arm-none-eabi/4.9.3/../../../../arm-none-eabi/lib/armv7e-m/softfp/libc_nano.a(lib_a-gdtoa-hexnan.o)
 .text.__hexnan
                0x00000000000066f0      0x114 /usr/bin/../lib/gcc/arm-none-eabi/4.9.3/../../../../arm-none-eabi/lib/armv7e-m/softfp/libc_nano.a(lib_a-gdtoa-hexnan.o)
                0x00000000000066f0                __hexnan
 .text._isatty_r
                0x0000000000006804       0x20 /usr/bin/../lib/gcc/arm-none-eabi/4.9.3/../../../../arm-none-eabi/lib/armv7e-m/softfp/libc_nano.a(lib_a-isattyr.o)
                0x0000000000006804                _isatty_r
 .text._localeconv_r
                0x0000000000006824        0x8 /usr/bin/../lib/gcc/arm-none-eabi/4.9.3/../../../../arm-none-eabi/lib/armv7e-m/softfp/libc_nano.a(lib_a-locale.o)
                0x0000000000006824                _localeconv_r
 .text._lseek_r
                0x000000000000682c       0x24 /usr/bin/../lib/gcc/arm-none-eabi/4.9.3/../../../../arm-none-eabi/lib/armv7e-m/softfp/libc_nano.a(lib_a-lseekr.o)
                0x000000000000682c                _lseek_r
 .text.memmove  0x0000000000006850       0x36 /usr/bin/../lib/gcc/arm-none-eabi/4.9.3/../../../../arm-none-eabi/lib/armv7e-m/softfp/libc_nano.a(lib_a-memmove.o)
                0x0000000000006850                memmove
 .text._Balloc  0x0000000000006886       0x6a /usr/bin/../lib/gcc/arm-none-eabi/4.9.3/../../../../arm-none-eabi/lib/armv7e-m/softfp/libc_nano.a(lib_a-mprec.o)
                0x0000000000006886                _Balloc
 .text._Bfree   0x00000000000068f0       0x2e /usr/bin/../lib/gcc/arm-none-eabi/4.9.3/../../../../arm-none-eabi/lib/armv7e-m/softfp/libc_nano.a(lib_a-mprec.o)
                0x00000000000068f0                _Bfree
 .text.__multadd
                0x000000000000691e       0x7c /usr/bin/../lib/gcc/arm-none-eabi/4.9.3/../../../../arm-none-eabi/lib/armv7e-m/softfp/libc_nano.a(lib_a-mprec.o)
                0x000000000000691e                __multadd
 .text.__s2b    0x000000000000699a       0x80 /usr/bin/../lib/gcc/arm-none-eabi/4.9.3/../../../../arm-none-eabi/lib/armv7e-m/softfp/libc_nano.a(lib_a-mprec.o)
                0x000000000000699a                __s2b
 .text.__hi0bits
                0x0000000000006a1a       0x40 /usr/bin/../lib/gcc/arm-none-eabi/4.9.3/../../../../arm-none-eabi/lib/armv7e-m/softfp/libc_nano.a(lib_a-mprec.o)
                0x0000000000006a1a                __hi0bits
 .text.__lo0bits
                0x0000000000006a5a       0x5a /usr/bin/../lib/gcc/arm-none-eabi/4.9.3/../../../../arm-none-eabi/lib/armv7e-m/softfp/libc_nano.a(lib_a-mprec.o)
                0x0000000000006a5a                __lo0bits
 .text.__i2b    0x0000000000006ab4       0x12 /usr/bin/../lib/gcc/arm-none-eabi/4.9.3/../../../../arm-none-eabi/lib/armv7e-m/softfp/libc_nano.a(lib_a-mprec.o)
                0x0000000000006ab4                __i2b
 .text.__multiply
                0x0000000000006ac6      0x122 /usr/bin/../lib/gcc/arm-none-eabi/4.9.3/../../../../arm-none-eabi/lib/armv7e-m/softfp/libc_nano.a(lib_a-mprec.o)
                0x0000000000006ac6                __multiply
 .text.__pow5mult
                0x0000000000006be8       0x9c /usr/bin/../lib/gcc/arm-none-eabi/4.9.3/../../../../arm-none-eabi/lib/armv7e-m/softfp/libc_nano.a(lib_a-mprec.o)
                0x0000000000006be8                __pow5mult
 .text.__lshift
                0x0000000000006c84       0xa6 /usr/bin/../lib/gcc/arm-none-eabi/4.9.3/../../../../arm-none-eabi/lib/armv7e-m/softfp/libc_nano.a(lib_a-mprec.o)
                0x0000000000006c84                __lshift
 .text.__mcmp   0x0000000000006d2a       0x38 /usr/bin/../lib/gcc/arm-none-eabi/4.9.3/../../../../arm-none-eabi/lib/armv7e-m/softfp/libc_nano.a(lib_a-mprec.o)
                0x0000000000006d2a                __mcmp
 .text.__mdiff  0x0000000000006d62       0xbe /usr/bin/../lib/gcc/arm-none-eabi/4.9.3/../../../../arm-none-eabi/lib/armv7e-m/softfp/libc_nano.a(lib_a-mprec.o)
                0x0000000000006d62                __mdiff
 .text.__ulp    0x0000000000006e20       0x48 /usr/bin/../lib/gcc/arm-none-eabi/4.9.3/../../../../arm-none-eabi/lib/armv7e-m/softfp/libc_nano.a(lib_a-mprec.o)
                0x0000000000006e20                __ulp
 .text.__b2d    0x0000000000006e68       0x9e /usr/bin/../lib/gcc/arm-none-eabi/4.9.3/../../../../arm-none-eabi/lib/armv7e-m/softfp/libc_nano.a(lib_a-mprec.o)
                0x0000000000006e68                __b2d
 .text.__d2b    0x0000000000006f06       0xa4 /usr/bin/../lib/gcc/arm-none-eabi/4.9.3/../../../../arm-none-eabi/lib/armv7e-m/softfp/libc_nano.a(lib_a-mprec.o)
                0x0000000000006f06                __d2b
 .text.__ratio  0x0000000000006faa       0x52 /usr/bin/../lib/gcc/arm-none-eabi/4.9.3/../../../../arm-none-eabi/lib/armv7e-m/softfp/libc_nano.a(lib_a-mprec.o)
                0x0000000000006faa                __ratio
 .text.__copybits
                0x0000000000006ffc       0x34 /usr/bin/../lib/gcc/arm-none-eabi/4.9.3/../../../../arm-none-eabi/lib/armv7e-m/softfp/libc_nano.a(lib_a-mprec.o)
                0x0000000000006ffc                __copybits
 .text.__any_on
                0x0000000000007030       0x44 /usr/bin/../lib/gcc/arm-none-eabi/4.9.3/../../../../arm-none-eabi/lib/armv7e-m/softfp/libc_nano.a(lib_a-mprec.o)
                0x0000000000007030                __any_on
 .text._calloc_r
                0x0000000000007074       0x1c /usr/bin/../lib/gcc/arm-none-eabi/4.9.3/../../../../arm-none-eabi/lib/armv7e-m/softfp/libc_nano.a(lib_a-nano-callocr.o)
                0x0000000000007074                _calloc_r
 .text._realloc_r
                0x0000000000007090       0x4c /usr/bin/../lib/gcc/arm-none-eabi/4.9.3/../../../../arm-none-eabi/lib/armv7e-m/softfp/libc_nano.a(lib_a-nano-reallocr.o)
                0x0000000000007090                _realloc_r
 .text.__ssputs_r
                0x00000000000070dc       0xb2 /usr/bin/../lib/gcc/arm-none-eabi/4.9.3/../../../../arm-none-eabi/lib/armv7e-m/softfp/libc_nano.a(lib_a-nano-svfprintf.o)
                0x00000000000070dc                __ssputs_r
 *fill*         0x000000000000718e        0x2 
 .text._svfprintf_r
                0x0000000000007190      0x1e4 /usr/bin/../lib/gcc/arm-none-eabi/4.9.3/../../../../arm-none-eabi/lib/armv7e-m/softfp/libc_nano.a(lib_a-nano-svfprintf.o)
                0x0000000000007190                _svfprintf_r
                0x0000000000007190                _svfiprintf_r
 .text._sungetc_r
                0x0000000000007374       0x7a /usr/bin/../lib/gcc/arm-none-eabi/4.9.3/../../../../arm-none-eabi/lib/armv7e-m/softfp/libc_nano.a(lib_a-nano-svfscanf.o)
                0x0000000000007374                _sungetc_r
 .text.__ssrefill_r
                0x00000000000073ee       0x3a /usr/bin/../lib/gcc/arm-none-eabi/4.9.3/../../../../arm-none-eabi/lib/armv7e-m/softfp/libc_nano.a(lib_a-nano-svfscanf.o)
                0x00000000000073ee                __ssrefill_r
 .text.__ssvfscanf_r
                0x0000000000007428      0x29c /usr/bin/../lib/gcc/arm-none-eabi/4.9.3/../../../../arm-none-eabi/lib/armv7e-m/softfp/libc_nano.a(lib_a-nano-svfscanf.o)
                0x0000000000007428                __ssvfscanf_r
                0x0000000000007428                __ssvfiscanf_r
 .text._read_r  0x00000000000076c4       0x24 /usr/bin/../lib/gcc/arm-none-eabi/4.9.3/../../../../arm-none-eabi/lib/armv7e-m/softfp/libc_nano.a(lib_a-readr.o)
                0x00000000000076c4                _read_r
 .text._malloc_usable_size_r
                0x00000000000076e8       0x14 /usr/bin/../lib/gcc/arm-none-eabi/4.9.3/../../../../arm-none-eabi/lib/armv7e-m/softfp/libc_nano.a(lib_a-nano-msizer.o)
                0x00000000000076e8                _malloc_usable_size_r
 .text          0x00000000000076fc      0x370 /usr/bin/../lib/gcc/arm-none-eabi/4.9.3/armv7e-m/softfp/libgcc.a(_arm_addsubdf3.o)
                0x00000000000076fc                __aeabi_drsub
                0x0000000000007704                __aeabi_dsub
                0x0000000000007704                __subdf3
                0x0000000000007708                __adddf3
                0x0000000000007708                __aeabi_dadd
                0x0000000000007980                __aeabi_ui2d
                0x0000000000007980                __floatunsidf
                0x00000000000079a0                __floatsidf
                0x00000000000079a0                __aeabi_i2d
                0x00000000000079c4                __extendsfdf2
                0x00000000000079c4                __aeabi_f2d
                0x0000000000007a00                __aeabi_ul2d
                0x0000000000007a00                __floatundidf
                0x0000000000007a10                __floatdidf
                0x0000000000007a10                __aeabi_l2d
 .text          0x0000000000007a6c      0x424 /usr/bin/../lib/gcc/arm-none-eabi/4.9.3/armv7e-m/softfp/libgcc.a(_arm_muldivdf3.o)
                0x0000000000007a6c                __aeabi_dmul
                0x0000000000007a6c                __muldf3
                0x0000000000007cc0                __aeabi_ddiv
                0x0000000000007cc0                __divdf3
 .text          0x0000000000007e90      0x110 /usr/bin/../lib/gcc/arm-none-eabi/4.9.3/armv7e-m/softfp/libgcc.a(_arm_cmpdf2.o)
                0x0000000000007e90                __gtdf2
                0x0000000000007e90                __gedf2
                0x0000000000007e98                __ltdf2
                0x0000000000007e98                __ledf2
                0x0000000000007ea0                __cmpdf2
                0x0000000000007ea0                __eqdf2
                0x0000000000007ea0                __nedf2
                0x0000000000007f1c                __aeabi_cdrcmple
                0x0000000000007f2c                __aeabi_cdcmple
                0x0000000000007f2c                __aeabi_cdcmpeq
                0x0000000000007f3c                __aeabi_dcmpeq
                0x0000000000007f50                __aeabi_dcmplt
                0x0000000000007f64                __aeabi_dcmple
                0x0000000000007f78                __aeabi_dcmpge
                0x0000000000007f8c                __aeabi_dcmpgt
 .text          0x0000000000007fa0       0x50 /usr/bin/../lib/gcc/arm-none-eabi/4.9.3/armv7e-m/softfp/libgcc.a(_arm_fixdfsi.o)
                0x0000000000007fa0                __fixdfsi
                0x0000000000007fa0                __aeabi_d2iz
 .text          0x0000000000007ff0       0x40 /usr/bin/../lib/gcc/arm-none-eabi/4.9.3/armv7e-m/softfp/libgcc.a(_arm_fixunsdfsi.o)
                0x0000000000007ff0                __fixunsdfsi
                0x0000000000007ff0                __aeabi_d2uiz
 .text          0x0000000000008030       0xa0 /usr/bin/../lib/gcc/arm-none-eabi/4.9.3/armv7e-m/softfp/libgcc.a(_arm_truncdfsf2.o)
                0x0000000000008030                __aeabi_d2f
                0x0000000000008030                __truncdfsf2
 .text._getpid  0x00000000000080d0       0x10 /usr/bin/../lib/gcc/arm-none-eabi/4.9.3/../../../../arm-none-eabi/lib/armv7e-m/softfp/libnosys.a(getpid.o)
                0x00000000000080d0                _getpid
 .text._kill    0x00000000000080e0       0x10 /usr/bin/../lib/gcc/arm-none-eabi/4.9.3/../../../../arm-none-eabi/lib/armv7e-m/softfp/libnosys.a(kill.o)
                0x00000000000080e0                _kill
 *(.init)
 .init          0x00000000000080f0        0x4 /usr/bin/../lib/gcc/arm-none-eabi/4.9.3/armv7e-m/softfp/crti.o
                0x00000000000080f0                _init
 .init          0x00000000000080f4        0x8 /usr/bin/../lib/gcc/arm-none-eabi/4.9.3/armv7e-m/softfp/crtn.o
 *(.fini)
 .fini          0x00000000000080fc        0x4 /usr/bin/../lib/gcc/arm-none-eabi/4.9.3/armv7e-m/softfp/crti.o
                0x00000000000080fc                _fini
 .fini          0x0000000000008100        0x8 /usr/bin/../lib/gcc/arm-none-eabi/4.9.3/armv7e-m/softfp/crtn.o
 *crtbegin.o(.ctors)
 *crtbegin?.o(.ctors)
 *(EXCLUDE_FILE(*crtend.o *crtend?.o) .ctors)
 *(SORT(.ctors.*))
 *(.ctors)
 *crtbegin.o(.dtors)
 *crtbegin?.o(.dtors)
 *(EXCLUDE_FILE(*crtend.o *crtend?.o) .dtors)
 *(SORT(.dtors.*))
 *(.dtors)
 *(.rodata*)
 .rodata        0x0000000000008108       0x14 main.o
 .rodata.str1.1
                0x000000000000811c       0x29 main.o
 *fill*         0x0000000000008145        0x3 
 .rodata        0x0000000000008148       0x14 mbed/TARGET_K64F/TOOLCHAIN_GCC_ARM/board.o
 .rodata.str1.4
                0x000000000000815c       0x86 mbed/TARGET_K64F/TOOLCHAIN_GCC_ARM/board.o
                                         0x88 (size before relaxing)
 *fill*         0x00000000000081e2        0x2 
 .rodata.__stdin_name
                0x00000000000081e4        0x8 mbed/TARGET_K64F/TOOLCHAIN_GCC_ARM/retarget.o
                0x00000000000081e4                __stdin_name
 .rodata.__stderr_name
                0x00000000000081ec        0x8 mbed/TARGET_K64F/TOOLCHAIN_GCC_ARM/retarget.o
                0x00000000000081ec                __stderr_name
 .rodata.__stdout_name
                0x00000000000081f4        0x8 mbed/TARGET_K64F/TOOLCHAIN_GCC_ARM/retarget.o
                0x00000000000081f4                __stdout_name
 *fill*         0x00000000000081fc        0x4 
 .rodata._ZTVN4mbed10FileHandleE
                0x0000000000008200       0x30 mbed/TARGET_K64F/TOOLCHAIN_GCC_ARM/retarget.o
                0x0000000000008200                vtable for mbed::FileHandle
 .rodata.str1.4
                0x0000000000008230        0xe mbed/TARGET_K64F/TOOLCHAIN_GCC_ARM/retarget.o
                                         0x10 (size before relaxing)
 *fill*         0x000000000000823e        0x2 
 .rodata.__func__.14442
                0x0000000000008240       0x14 ./mbed/TARGET_K64F/TOOLCHAIN_GCC_ARM/libmbed.a(fsl_gpio_hal.o)
 .rodata.str1.4
                0x0000000000008254       0x99 ./mbed/TARGET_K64F/TOOLCHAIN_GCC_ARM/libmbed.a(fsl_gpio_hal.o)
                                         0x9c (size before relaxing)
 *fill*         0x00000000000082ed        0x3 
 .rodata.__func__.14448
                0x00000000000082f0       0x18 ./mbed/TARGET_K64F/TOOLCHAIN_GCC_ARM/libmbed.a(fsl_gpio_hal.o)
 .rodata        0x0000000000008308       0x18 ./mbed/TARGET_K64F/TOOLCHAIN_GCC_ARM/libmbed.a(serial_api.o)
 .rodata.str1.4
                0x0000000000008320       0x89 ./mbed/TARGET_K64F/TOOLCHAIN_GCC_ARM/libmbed.a(serial_api.o)
                                         0x8c (size before relaxing)
 *fill*         0x00000000000083a9        0x7 
 .rodata._ZTVN4mbed10SerialBaseE
                0x00000000000083b0       0x10 ./mbed/TARGET_K64F/TOOLCHAIN_GCC_ARM/libmbed.a(Serial.o)
                0x00000000000083b0                vtable for mbed::SerialBase
 .rodata._ZTVN4mbed6SerialE
                0x00000000000083c0       0x60 ./mbed/TARGET_K64F/TOOLCHAIN_GCC_ARM/libmbed.a(Serial.o)
                0x00000000000083c0                vtable for mbed::Serial
 .rodata._ZTVN4mbed6StreamE
                0x0000000000008420       0x48 ./mbed/TARGET_K64F/TOOLCHAIN_GCC_ARM/libmbed.a(Stream.o)
                0x0000000000008420                vtable for mbed::Stream
 .rodata.str1.4
                0x0000000000008468        0x3 ./mbed/TARGET_K64F/TOOLCHAIN_GCC_ARM/libmbed.a(Stream.o)
                                          0x8 (size before relaxing)
 *fill*         0x000000000000846b        0x5 
 .rodata._ZTVN4mbed6TickerE
                0x0000000000008470       0x18 ./mbed/TARGET_K64F/TOOLCHAIN_GCC_ARM/libmbed.a(Ticker.o)
                0x0000000000008470                vtable for mbed::Ticker
 .rodata.str1.4
                0x0000000000008488       0x31 ./mbed/TARGET_K64F/TOOLCHAIN_GCC_ARM/libmbed.a(assert.o)
                                         0x34 (size before relaxing)
 *fill*         0x00000000000084b9        0x7 
 .rodata._ZTVN4mbed10TimerEventE
                0x00000000000084c0       0x18 ./mbed/TARGET_K64F/TOOLCHAIN_GCC_ARM/libmbed.a(TimerEvent.o)
                0x00000000000084c0                vtable for mbed::TimerEvent
 .rodata        0x00000000000084d8       0x14 ./mbed/TARGET_K64F/TOOLCHAIN_GCC_ARM/libmbed.a(gpio.o)
 .rodata.str1.4
                0x0000000000000000       0x88 ./mbed/TARGET_K64F/TOOLCHAIN_GCC_ARM/libmbed.a(gpio.o)
 .rodata.str1.4
                0x00000000000084ec       0x66 ./mbed/TARGET_K64F/TOOLCHAIN_GCC_ARM/libmbed.a(pinmap_common.o)
                                         0x68 (size before relaxing)
 *fill*         0x0000000000008552        0x2 
 .rodata.us_interface
                0x0000000000008554       0x14 ./mbed/TARGET_K64F/TOOLCHAIN_GCC_ARM/libmbed.a(us_ticker_api.o)
 .rodata.us_data
                0x0000000000008568        0x8 ./mbed/TARGET_K64F/TOOLCHAIN_GCC_ARM/libmbed.a(us_ticker_api.o)
 .rodata.g_simBaseAddr
                0x0000000000008570        0x4 ./mbed/TARGET_K64F/TOOLCHAIN_GCC_ARM/libmbed.a(fsl_clock_manager.o)
                0x0000000000008570                g_simBaseAddr
 .rodata.str1.4
                0x0000000000008574      0x170 ./mbed/TARGET_K64F/TOOLCHAIN_GCC_ARM/libmbed.a(fsl_sim_hal.o)
 .rodata.__func__.15113
                0x00000000000086e4       0x18 ./mbed/TARGET_K64F/TOOLCHAIN_GCC_ARM/libmbed.a(fsl_sim_hal.o)
 .rodata.PinMap_UART_RX
                0x00000000000086fc       0x90 ./mbed/TARGET_K64F/TOOLCHAIN_GCC_ARM/libmbed.a(PeripheralPins.o)
                0x00000000000086fc                PinMap_UART_RX
 .rodata.PinMap_UART_TX
                0x000000000000878c       0x90 ./mbed/TARGET_K64F/TOOLCHAIN_GCC_ARM/libmbed.a(PeripheralPins.o)
                0x000000000000878c                PinMap_UART_TX
 .rodata.kClockNameConfigTable
                0x000000000000881c       0x14 ./mbed/TARGET_K64F/TOOLCHAIN_GCC_ARM/libmbed.a(fsl_sim_hal_K64F12.o)
                0x000000000000881c                kClockNameConfigTable
 .rodata        0x0000000000008830       0x28 ./mbed/TARGET_K64F/TOOLCHAIN_GCC_ARM/libmbed.a(gpio_api.o)
 .rodata.str1.4
                0x0000000000008858      0x11e ./mbed/TARGET_K64F/TOOLCHAIN_GCC_ARM/libmbed.a(gpio_api.o)
                                        0x138 (size before relaxing)
 *fill*         0x0000000000008976        0x2 
 .rodata.__func__.14943
                0x0000000000008978       0x14 ./mbed/TARGET_K64F/TOOLCHAIN_GCC_ARM/libmbed.a(gpio_api.o)
 .rodata        0x000000000000898c       0x14 ./mbed/TARGET_K64F/TOOLCHAIN_GCC_ARM/libmbed.a(pinmap.o)
 .rodata.__func__.16146
                0x00000000000089a0       0x14 ./mbed/TARGET_K64F/TOOLCHAIN_GCC_ARM/libmbed.a(pinmap.o)
 .rodata.str1.4
                0x00000000000089b4       0x70 ./mbed/TARGET_K64F/TOOLCHAIN_GCC_ARM/libmbed.a(pinmap.o)
                                        0x120 (size before relaxing)
 .rodata.__func__.16176
                0x0000000000008a24       0x14 ./mbed/TARGET_K64F/TOOLCHAIN_GCC_ARM/libmbed.a(pinmap.o)
 .rodata._ZTVN4mbed8FileBaseE
                0x0000000000008a38       0x10 ./mbed/TARGET_K64F/TOOLCHAIN_GCC_ARM/libmbed.a(FileBase.o)
                0x0000000000008a38                vtable for mbed::FileBase
 .rodata._ZTVN4mbed8FileLikeE
                0x0000000000008a48       0x40 ./mbed/TARGET_K64F/TOOLCHAIN_GCC_ARM/libmbed.a(FileLike.o)
                0x0000000000008a48                vtable for mbed::FileLike
 .rodata.str1.1
                0x0000000000008a88       0x3c /usr/bin/../lib/gcc/arm-none-eabi/4.9.3/../../../../arm-none-eabi/lib/armv7e-m/softfp/libc_nano.a(lib_a-assert.o)
                                         0x3d (size before relaxing)
 .rodata.__sf_fake_stdin
                0x0000000000008ac4       0x20 /usr/bin/../lib/gcc/arm-none-eabi/4.9.3/../../../../arm-none-eabi/lib/armv7e-m/softfp/libc_nano.a(lib_a-findfp.o)
                0x0000000000008ac4                __sf_fake_stdin
 .rodata.__sf_fake_stdout
                0x0000000000008ae4       0x20 /usr/bin/../lib/gcc/arm-none-eabi/4.9.3/../../../../arm-none-eabi/lib/armv7e-m/softfp/libc_nano.a(lib_a-findfp.o)
                0x0000000000008ae4                __sf_fake_stdout
 .rodata.__sf_fake_stderr
                0x0000000000008b04       0x20 /usr/bin/../lib/gcc/arm-none-eabi/4.9.3/../../../../arm-none-eabi/lib/armv7e-m/softfp/libc_nano.a(lib_a-findfp.o)
                0x0000000000008b04                __sf_fake_stderr
 .rodata.str1.1
                0x0000000000008b24        0x2 /usr/bin/../lib/gcc/arm-none-eabi/4.9.3/../../../../arm-none-eabi/lib/armv7e-m/softfp/libc_nano.a(lib_a-impure.o)
 *fill*         0x0000000000008b26        0x2 
 .rodata._global_impure_ptr
                0x0000000000008b28        0x4 /usr/bin/../lib/gcc/arm-none-eabi/4.9.3/../../../../arm-none-eabi/lib/armv7e-m/softfp/libc_nano.a(lib_a-impure.o)
                0x0000000000008b28                _global_impure_ptr
 .rodata.str1.1
                0x0000000000008b2c       0x11 /usr/bin/../lib/gcc/arm-none-eabi/4.9.3/../../../../arm-none-eabi/lib/armv7e-m/softfp/libc_nano.a(lib_a-nano-vfprintf.o)
 .rodata.str1.1
                0x0000000000008b3d       0x10 /usr/bin/../lib/gcc/arm-none-eabi/4.9.3/../../../../arm-none-eabi/lib/armv7e-m/softfp/libc_nano.a(lib_a-nano-vfprintf_float.o)
                                         0x12 (size before relaxing)
 .rodata.str1.1
                0x0000000000008b4d       0x22 /usr/bin/../lib/gcc/arm-none-eabi/4.9.3/../../../../arm-none-eabi/lib/armv7e-m/softfp/libc_nano.a(lib_a-nano-vfprintf_i.o)
 .rodata.str1.1
                0x0000000000008b6f        0x5 /usr/bin/../lib/gcc/arm-none-eabi/4.9.3/../../../../arm-none-eabi/lib/armv7e-m/softfp/libc_nano.a(lib_a-nano-vfscanf_float.o)
 .rodata        0x0000000000008b74        0xc /usr/bin/../lib/gcc/arm-none-eabi/4.9.3/../../../../arm-none-eabi/lib/armv7e-m/softfp/libc_nano.a(lib_a-nano-vfscanf_i.o)
 .rodata.str1.1
                0x0000000000008b80       0x1b /usr/bin/../lib/gcc/arm-none-eabi/4.9.3/../../../../arm-none-eabi/lib/armv7e-m/softfp/libc_nano.a(lib_a-nano-vfscanf_i.o)
 .rodata.str1.1
                0x0000000000000000       0x1b /usr/bin/../lib/gcc/arm-none-eabi/4.9.3/../../../../arm-none-eabi/lib/armv7e-m/softfp/libc_nano.a(lib_a-strtod.o)
                                          0xc (size before relaxing)
 *fill*         0x0000000000008b9b        0x1 
 .rodata.fpinan.5315
                0x0000000000008b9c       0x14 /usr/bin/../lib/gcc/arm-none-eabi/4.9.3/../../../../arm-none-eabi/lib/armv7e-m/softfp/libc_nano.a(lib_a-strtod.o)
 .rodata.tinytens
                0x0000000000008bb0       0x28 /usr/bin/../lib/gcc/arm-none-eabi/4.9.3/../../../../arm-none-eabi/lib/armv7e-m/softfp/libc_nano.a(lib_a-strtod.o)
 .rodata.fpi.5279
                0x0000000000008bd8       0x14 /usr/bin/../lib/gcc/arm-none-eabi/4.9.3/../../../../arm-none-eabi/lib/armv7e-m/softfp/libc_nano.a(lib_a-strtod.o)
 .rodata._ctype_
                0x0000000000008bec      0x101 /usr/bin/../lib/gcc/arm-none-eabi/4.9.3/../../../../arm-none-eabi/lib/armv7e-m/softfp/libc_nano.a(lib_a-ctype_.o)
                0x0000000000008bec                _ctype_
 .rodata.str1.1
                0x0000000000008ced        0xd /usr/bin/../lib/gcc/arm-none-eabi/4.9.3/../../../../arm-none-eabi/lib/armv7e-m/softfp/libc_nano.a(lib_a-dtoa.o)
                                          0xf (size before relaxing)
 .rodata.str1.1
                0x0000000000008cfa        0x8 /usr/bin/../lib/gcc/arm-none-eabi/4.9.3/../../../../arm-none-eabi/lib/armv7e-m/softfp/libc_nano.a(lib_a-locale.o)
                                          0xb (size before relaxing)
 *fill*         0x0000000000008d02        0x6 
 .rodata.__mprec_tens
                0x0000000000008d08       0xc8 /usr/bin/../lib/gcc/arm-none-eabi/4.9.3/../../../../arm-none-eabi/lib/armv7e-m/softfp/libc_nano.a(lib_a-mprec.o)
                0x0000000000008d08                __mprec_tens
 .rodata.__mprec_bigtens
                0x0000000000008dd0       0x28 /usr/bin/../lib/gcc/arm-none-eabi/4.9.3/../../../../arm-none-eabi/lib/armv7e-m/softfp/libc_nano.a(lib_a-mprec.o)
                0x0000000000008dd0                __mprec_bigtens
 .rodata.p05.5314
                0x0000000000008df8        0xc /usr/bin/../lib/gcc/arm-none-eabi/4.9.3/../../../../arm-none-eabi/lib/armv7e-m/softfp/libc_nano.a(lib_a-mprec.o)
 .rodata.str1.1
                0x0000000000000000       0x11 /usr/bin/../lib/gcc/arm-none-eabi/4.9.3/../../../../arm-none-eabi/lib/armv7e-m/softfp/libc_nano.a(lib_a-nano-svfprintf.o)
 .rodata.str1.1
                0x0000000000000000        0x4 /usr/bin/../lib/gcc/arm-none-eabi/4.9.3/../../../../arm-none-eabi/lib/armv7e-m/softfp/libc_nano.a(lib_a-nano-svfscanf.o)
 *(.eh_frame*)
 .eh_frame      0x0000000000008e04        0x0 /usr/bin/../lib/gcc/arm-none-eabi/4.9.3/armv7e-m/softfp/crtbegin.o
 .eh_frame      0x0000000000008e04       0x28 /usr/bin/../lib/gcc/arm-none-eabi/4.9.3/../../../../arm-none-eabi/lib/armv7e-m/softfp/libc_nano.a(lib_a-strcmp.o)
 .eh_frame      0x0000000000008e2c        0x4 /usr/bin/../lib/gcc/arm-none-eabi/4.9.3/armv7e-m/softfp/crtend.o

.glue_7         0x0000000000008e30        0x0
 .glue_7        0x0000000000000000        0x0 linker stubs

.glue_7t        0x0000000000008e30        0x0
 .glue_7t       0x0000000000000000        0x0 linker stubs

.vfp11_veneer   0x0000000000008e30        0x0
 .vfp11_veneer  0x0000000000000000        0x0 linker stubs

.v4_bx          0x0000000000008e30        0x0
 .v4_bx         0x0000000000000000        0x0 linker stubs

.iplt           0x0000000000008e30        0x0
 .iplt          0x0000000000000000        0x0 /usr/bin/../lib/gcc/arm-none-eabi/4.9.3/armv7e-m/softfp/crtbegin.o

.ARM.extab
 *(.ARM.extab* .gnu.linkonce.armextab.*)
                0x0000000000008e30                __exidx_start = .

.ARM.exidx      0x0000000000008e30        0x8
 *(.ARM.exidx* .gnu.linkonce.armexidx.*)
 .ARM.exidx     0x0000000000008e30        0x8 /usr/bin/../lib/gcc/arm-none-eabi/4.9.3/../../../../arm-none-eabi/lib/armv7e-m/softfp/crt0.o
                0x0000000000008e38                __exidx_end = .
                0x0000000000008e38                __etext = .

.rel.dyn        0x0000000000008e38        0x0
 .rel.iplt      0x0000000000000000        0x0 /usr/bin/../lib/gcc/arm-none-eabi/4.9.3/armv7e-m/softfp/crtbegin.o

.data           0x000000001fff0198       0xb4 load address 0x0000000000008e38
                0x000000001fff0198                __data_start__ = .
 *(vtable)
 *(.data*)
 .data          0x000000001fff0198        0x4 /usr/bin/../lib/gcc/arm-none-eabi/4.9.3/armv7e-m/softfp/crtbegin.o
                0x000000001fff0198                __dso_handle
 .data._ZZ5_sbrkE4heap
                0x000000001fff019c        0x4 mbed/TARGET_K64F/TOOLCHAIN_GCC_ARM/retarget.o
 .data.impure_data
                0x000000001fff01a0       0x60 /usr/bin/../lib/gcc/arm-none-eabi/4.9.3/../../../../arm-none-eabi/lib/armv7e-m/softfp/libc_nano.a(lib_a-impure.o)
 .data._impure_ptr
                0x000000001fff0200        0x4 /usr/bin/../lib/gcc/arm-none-eabi/4.9.3/../../../../arm-none-eabi/lib/armv7e-m/softfp/libc_nano.a(lib_a-impure.o)
                0x000000001fff0200                _impure_ptr
 .data.__ctype_ptr__
                0x000000001fff0204        0x4 /usr/bin/../lib/gcc/arm-none-eabi/4.9.3/../../../../arm-none-eabi/lib/armv7e-m/softfp/libc_nano.a(lib_a-ctype_.o)
                0x000000001fff0204                __ctype_ptr__
 .data.lconv    0x000000001fff0208       0x38 /usr/bin/../lib/gcc/arm-none-eabi/4.9.3/../../../../arm-none-eabi/lib/armv7e-m/softfp/libc_nano.a(lib_a-locale.o)
                0x000000001fff0240                . = ALIGN (0x4)
                0x000000001fff0240                PROVIDE (__preinit_array_start, .)
 *(.preinit_array)
                0x000000001fff0240                PROVIDE (__preinit_array_end, .)
                0x000000001fff0240                . = ALIGN (0x4)
                0x000000001fff0240                PROVIDE (__init_array_start, .)
 *(SORT(.init_array.*))
 *(.init_array)
 .init_array    0x000000001fff0240        0x4 /usr/bin/../lib/gcc/arm-none-eabi/4.9.3/armv7e-m/softfp/crtbegin.o
 .init_array    0x000000001fff0244        0x4 main.o
                0x000000001fff0248                PROVIDE (__init_array_end, .)
                0x000000001fff0248                . = ALIGN (0x4)
                0x000000001fff0248                PROVIDE (__fini_array_start, .)
 *(SORT(.fini_array.*))
 *(.fini_array)
 .fini_array    0x000000001fff0248        0x4 /usr/bin/../lib/gcc/arm-none-eabi/4.9.3/armv7e-m/softfp/crtbegin.o
                0x000000001fff024c                PROVIDE (__fini_array_end, .)
                0x000000001fff024c                . = ALIGN (0x4)
                0x000000001fff024c                __data_end__ = .

.jcr            0x000000001fff024c        0x0 load address 0x0000000000008eec
 .jcr           0x000000001fff024c        0x0 /usr/bin/../lib/gcc/arm-none-eabi/4.9.3/armv7e-m/softfp/crtbegin.o

.igot.plt       0x000000001fff024c        0x0 load address 0x0000000000008eec
 .igot.plt      0x0000000000000000        0x0 /usr/bin/../lib/gcc/arm-none-eabi/4.9.3/armv7e-m/softfp/crtbegin.o

.bss            0x000000001fff024c      0x2b4 load address 0x0000000000008eec
                0x000000001fff024c                __bss_start__ = .
 *(.bss*)
 .bss           0x000000001fff024c       0x1c /usr/bin/../lib/gcc/arm-none-eabi/4.9.3/armv7e-m/softfp/crtbegin.o
 .bss.pc        0x000000001fff0268       0x54 main.o
                0x000000001fff0268                pc
 .bss.tickBlue  0x000000001fff02bc       0x30 main.o
                0x000000001fff02bc                tickBlue
 .bss.cmd       0x000000001fff02ec       0x14 main.o
                0x000000001fff02ec                cmd
 .bss.cmdIdx    0x000000001fff0300        0x4 main.o
                0x000000001fff0300                cmdIdx
 .bss.ledGreen  0x000000001fff0304        0x4 main.o
                0x000000001fff0304                ledGreen
 .bss.ledBlue   0x000000001fff0308        0x4 main.o
                0x000000001fff0308                ledBlue
 .bss.myBT      0x000000001fff030c       0x54 main.o
                0x000000001fff030c                myBT
 .bss.tickGreen
                0x000000001fff0360       0x30 main.o
                0x000000001fff0360                tickGreen
 .bss.tickRed   0x000000001fff0390       0x30 main.o
                0x000000001fff0390                tickRed
 .bss.ledRed    0x000000001fff03c0        0x4 main.o
                0x000000001fff03c0                ledRed
 .bss._ZL11filehandles
                0x000000001fff03c4      0x100 mbed/TARGET_K64F/TOOLCHAIN_GCC_ARM/retarget.o
 .bss.stdio_uart_inited
                0x000000001fff04c4        0x4 ./mbed/TARGET_K64F/TOOLCHAIN_GCC_ARM/libmbed.a(serial_api.o)
                0x000000001fff04c4                stdio_uart_inited
 .bss.serial_irq_ids
                0x000000001fff04c8       0x14 ./mbed/TARGET_K64F/TOOLCHAIN_GCC_ARM/libmbed.a(serial_api.o)
 .bss.irq_handler
                0x000000001fff04dc        0x4 ./mbed/TARGET_K64F/TOOLCHAIN_GCC_ARM/libmbed.a(serial_api.o)
 .bss.events    0x000000001fff04e0        0x8 ./mbed/TARGET_K64F/TOOLCHAIN_GCC_ARM/libmbed.a(us_ticker_api.o)
 .bss.us_ticker_inited
                0x000000001fff04e8        0x4 ./mbed/TARGET_K64F/TOOLCHAIN_GCC_ARM/libmbed.a(us_ticker.o)
 .bss._ZN4mbed8FileBase5_headE
                0x000000001fff04ec        0x4 ./mbed/TARGET_K64F/TOOLCHAIN_GCC_ARM/libmbed.a(FileBase.o)
                0x000000001fff04ec                mbed::FileBase::_head
 .bss.__malloc_sbrk_start
                0x000000001fff04f0        0x4 /usr/bin/../lib/gcc/arm-none-eabi/4.9.3/../../../../arm-none-eabi/lib/armv7e-m/softfp/libc_nano.a(lib_a-nano-mallocr.o)
                0x000000001fff04f0                __malloc_sbrk_start
 .bss.__malloc_free_list
                0x000000001fff04f4        0x4 /usr/bin/../lib/gcc/arm-none-eabi/4.9.3/../../../../arm-none-eabi/lib/armv7e-m/softfp/libc_nano.a(lib_a-nano-mallocr.o)
                0x000000001fff04f4                __malloc_free_list
 *(COMMON)
 COMMON         0x000000001fff04f8        0x4 ./mbed/TARGET_K64F/TOOLCHAIN_GCC_ARM/libmbed.a(serial_api.o)
                0x000000001fff04f8                stdio_uart
 COMMON         0x000000001fff04fc        0x4 /usr/bin/../lib/gcc/arm-none-eabi/4.9.3/../../../../arm-none-eabi/lib/armv7e-m/softfp/libc_nano.a(lib_a-reent.o)
                0x000000001fff04fc                errno
                0x000000001fff0500                __bss_end__ = .

.heap           0x000000001fff0500      0x400
                0x000000001fff0500                __end__ = .
                0x000000001fff0500                end = __end__
 *(.heap*)
 .heap          0x000000001fff0500      0x400 mbed/TARGET_K64F/TOOLCHAIN_GCC_ARM/startup_MK64F12.o
                0x000000001fff0500                __HeapBase
                0x000000001fff0900                __HeapLimit = .

.stack_dummy    0x000000001fff0500      0xc00
 *(.stack)